Archive member included to satisfy reference by file (symbol)

/usr/local/gcc-arm-none-eabi-5_2-2015q4/bin/../lib/gcc/arm-none-eabi/5.2.1/../../../../arm-none-eabi/lib/armv7-m/libg_nano.a(lib_a-exit.o)
                              /usr/local/gcc-arm-none-eabi-5_2-2015q4/bin/../lib/gcc/arm-none-eabi/5.2.1/../../../../arm-none-eabi/lib/armv7-m/crt0.o (exit)
/usr/local/gcc-arm-none-eabi-5_2-2015q4/bin/../lib/gcc/arm-none-eabi/5.2.1/../../../../arm-none-eabi/lib/armv7-m/libg_nano.a(lib_a-impure.o)
                              /usr/local/gcc-arm-none-eabi-5_2-2015q4/bin/../lib/gcc/arm-none-eabi/5.2.1/../../../../arm-none-eabi/lib/armv7-m/libg_nano.a(lib_a-exit.o) (_global_impure_ptr)
/usr/local/gcc-arm-none-eabi-5_2-2015q4/bin/../lib/gcc/arm-none-eabi/5.2.1/../../../../arm-none-eabi/lib/armv7-m/libg_nano.a(lib_a-init.o)
                              /usr/local/gcc-arm-none-eabi-5_2-2015q4/bin/../lib/gcc/arm-none-eabi/5.2.1/../../../../arm-none-eabi/lib/armv7-m/crt0.o (__libc_init_array)
/usr/local/gcc-arm-none-eabi-5_2-2015q4/bin/../lib/gcc/arm-none-eabi/5.2.1/../../../../arm-none-eabi/lib/armv7-m/libg_nano.a(lib_a-memcpy-stub.o)
                              ./src/sam/services/flash_efc/flash_efc.o (memcpy)
/usr/local/gcc-arm-none-eabi-5_2-2015q4/bin/../lib/gcc/arm-none-eabi/5.2.1/../../../../arm-none-eabi/lib/armv7-m/libg_nano.a(lib_a-memset.o)
                              /usr/local/gcc-arm-none-eabi-5_2-2015q4/bin/../lib/gcc/arm-none-eabi/5.2.1/../../../../arm-none-eabi/lib/armv7-m/crt0.o (memset)
/usr/local/gcc-arm-none-eabi-5_2-2015q4/bin/../lib/gcc/arm-none-eabi/5.2.1/../../../../arm-none-eabi/lib/armv7-m/libg_nano.a(lib_a-printf.o)
                              ./src/sam/syscalls/gcc/syscalls.o (iprintf)
/usr/local/gcc-arm-none-eabi-5_2-2015q4/bin/../lib/gcc/arm-none-eabi/5.2.1/../../../../arm-none-eabi/lib/armv7-m/libg_nano.a(lib_a-puts.o)
                              ./src/main.o (puts)
/usr/local/gcc-arm-none-eabi-5_2-2015q4/bin/../lib/gcc/arm-none-eabi/5.2.1/../../../../arm-none-eabi/lib/armv7-m/libg_nano.a(lib_a-setbuf.o)
                              ./src/main.o (setbuf)
/usr/local/gcc-arm-none-eabi-5_2-2015q4/bin/../lib/gcc/arm-none-eabi/5.2.1/../../../../arm-none-eabi/lib/armv7-m/libg_nano.a(lib_a-setvbuf.o)
                              /usr/local/gcc-arm-none-eabi-5_2-2015q4/bin/../lib/gcc/arm-none-eabi/5.2.1/../../../../arm-none-eabi/lib/armv7-m/libg_nano.a(lib_a-setbuf.o) (setvbuf)
/usr/local/gcc-arm-none-eabi-5_2-2015q4/bin/../lib/gcc/arm-none-eabi/5.2.1/../../../../arm-none-eabi/lib/armv7-m/libg_nano.a(lib_a-wbuf.o)
                              /usr/local/gcc-arm-none-eabi-5_2-2015q4/bin/../lib/gcc/arm-none-eabi/5.2.1/../../../../arm-none-eabi/lib/armv7-m/libg_nano.a(lib_a-puts.o) (__swbuf_r)
/usr/local/gcc-arm-none-eabi-5_2-2015q4/bin/../lib/gcc/arm-none-eabi/5.2.1/../../../../arm-none-eabi/lib/armv7-m/libg_nano.a(lib_a-wsetup.o)
                              /usr/local/gcc-arm-none-eabi-5_2-2015q4/bin/../lib/gcc/arm-none-eabi/5.2.1/../../../../arm-none-eabi/lib/armv7-m/libg_nano.a(lib_a-puts.o) (__swsetup_r)
/usr/local/gcc-arm-none-eabi-5_2-2015q4/bin/../lib/gcc/arm-none-eabi/5.2.1/../../../../arm-none-eabi/lib/armv7-m/libg_nano.a(lib_a-fflush.o)
                              /usr/local/gcc-arm-none-eabi-5_2-2015q4/bin/../lib/gcc/arm-none-eabi/5.2.1/../../../../arm-none-eabi/lib/armv7-m/libg_nano.a(lib_a-setvbuf.o) (_fflush_r)
/usr/local/gcc-arm-none-eabi-5_2-2015q4/bin/../lib/gcc/arm-none-eabi/5.2.1/../../../../arm-none-eabi/lib/armv7-m/libg_nano.a(lib_a-findfp.o)
                              /usr/local/gcc-arm-none-eabi-5_2-2015q4/bin/../lib/gcc/arm-none-eabi/5.2.1/../../../../arm-none-eabi/lib/armv7-m/libg_nano.a(lib_a-setvbuf.o) (_cleanup_r)
/usr/local/gcc-arm-none-eabi-5_2-2015q4/bin/../lib/gcc/arm-none-eabi/5.2.1/../../../../arm-none-eabi/lib/armv7-m/libg_nano.a(lib_a-fwalk.o)
                              /usr/local/gcc-arm-none-eabi-5_2-2015q4/bin/../lib/gcc/arm-none-eabi/5.2.1/../../../../arm-none-eabi/lib/armv7-m/libg_nano.a(lib_a-findfp.o) (_fwalk)
/usr/local/gcc-arm-none-eabi-5_2-2015q4/bin/../lib/gcc/arm-none-eabi/5.2.1/../../../../arm-none-eabi/lib/armv7-m/libg_nano.a(lib_a-makebuf.o)
                              /usr/local/gcc-arm-none-eabi-5_2-2015q4/bin/../lib/gcc/arm-none-eabi/5.2.1/../../../../arm-none-eabi/lib/armv7-m/libg_nano.a(lib_a-wsetup.o) (__smakebuf_r)
/usr/local/gcc-arm-none-eabi-5_2-2015q4/bin/../lib/gcc/arm-none-eabi/5.2.1/../../../../arm-none-eabi/lib/armv7-m/libg_nano.a(lib_a-malloc.o)
                              /usr/local/gcc-arm-none-eabi-5_2-2015q4/bin/../lib/gcc/arm-none-eabi/5.2.1/../../../../arm-none-eabi/lib/armv7-m/libg_nano.a(lib_a-setvbuf.o) (malloc)
/usr/local/gcc-arm-none-eabi-5_2-2015q4/bin/../lib/gcc/arm-none-eabi/5.2.1/../../../../arm-none-eabi/lib/armv7-m/libg_nano.a(lib_a-nano-freer.o)
[...]
Memory Configuration

Name             Origin             Length             Attributes
rom              0x00000000         0x00040000         xr
ram              0x20000000         0x0000c000         xrw
*default*        0x00000000         0xffffffff

Linker script and memory map

LOAD /usr/local/gcc-arm-none-eabi-5_2-2015q4/bin/../lib/gcc/arm-none-eabi/5.2.1/armv7-m/crti.o
LOAD /usr/local/gcc-arm-none-eabi-5_2-2015q4/bin/../lib/gcc/arm-none-eabi/5.2.1/armv7-m/crtbegin.o
LOAD /usr/local/gcc-arm-none-eabi-5_2-2015q4/bin/../lib/gcc/arm-none-eabi/5.2.1/../../../../arm-none-eabi/lib/armv7-m/crt0.o
LOAD ./src/usart/usart.o
LOAD ./src/uart/uart.o
LOAD ./src/tc/tc.o
LOAD ./src/spi/spi.o
LOAD ./src/sam3s_OLIMEX/init.o
LOAD ./src/sam/utils/cmsis/sam3s/source/templates/gcc/startup_sam3s.o
LOAD ./src/sam/utils/cmsis/sam3s/source/templates/exceptions.o
LOAD ./src/sam/utils/cmsis/sam3s/source/templates/system_sam3s.o
LOAD ./src/sam/syscalls/gcc/syscalls.o
LOAD ./src/sam/services/flash_efc/flash_efc.o
LOAD ./src/sam/drivers/efc/efc.o
LOAD ./src/sam/components/display/ili93xx/ili93xx.o
LOAD ./src/pmc/pmc.o
LOAD ./src/pmc/sleep.o
LOAD ./src/pio/pio.o
LOAD ./src/pio/pio_handler.o
LOAD ./src/common/utils/stdio/read.o
LOAD ./src/common/utils/stdio/write.o
LOAD ./src/common/utils/interrupt/interrupt_sam_nvic.o
LOAD ./src/common/services/spi/sam_spi/spi_master.o
LOAD ./src/common/services/clock/sam3s/sysclk.o
LOAD ./src/main.o
LOAD ./src/mdelay.o
START GROUP
LOAD /usr/local/gcc-arm-none-eabi-5_2-2015q4/bin/../lib/gcc/arm-none-eabi/5.2.1/armv7-m/libgcc.a
LOAD /usr/local/gcc-arm-none-eabi-5_2-2015q4/bin/../lib/gcc/arm-none-eabi/5.2.1/../../../../arm-none-eabi/lib/armv7-m/libg_nano.a
LOAD /usr/local/gcc-arm-none-eabi-5_2-2015q4/bin/../lib/gcc/arm-none-eabi/5.2.1/../../../../arm-none-eabi/lib/armv7-m/libc_nano.a
END GROUP
START GROUP
LOAD /usr/local/gcc-arm-none-eabi-5_2-2015q4/bin/../lib/gcc/arm-none-eabi/5.2.1/armv7-m/libgcc.a
LOAD /usr/local/gcc-arm-none-eabi-5_2-2015q4/bin/../lib/gcc/arm-none-eabi/5.2.1/../../../../arm-none-eabi/lib/armv7-m/libc_nano.a
END GROUP
LOAD /usr/local/gcc-arm-none-eabi-5_2-2015q4/bin/../lib/gcc/arm-none-eabi/5.2.1/armv7-m/crtend.o
LOAD /usr/local/gcc-arm-none-eabi-5_2-2015q4/bin/../lib/gcc/arm-none-eabi/5.2.1/armv7-m/crtn.o
                0x00002000                __stack_size__ = DEFINED (__stack_size__)?__stack_size__:0x2000
                0x2000bffc                __ram_end__ = ((ORIGIN (ram) + LENGTH (ram)) - 0x4)

.text           0x00000000     0x2cbc
                0x00000000                . = ALIGN (0x4)
                0x00000000                _sfixed = .
 *(.vectors .vectors.*)
 .vectors       0x00000000       0xd0 ./src/sam/utils/cmsis/sam3s/source/templates/gcc/startup_sam3s.o
                0x00000000                exception_table
 *(.text .text.* .gnu.linkonce.t.*)
 .text          0x000000d0       0xa4 /usr/local/gcc-arm-none-eabi-5_2-2015q4/bin/../lib/gcc/arm-none-eabi/5.2.1/armv7-m/crtbegin.o
 .text.usart_write
                0x00000174       0x18 ./src/usart/usart.o
                0x00000174                usart_write
 .text.usart_read
                0x0000018c       0x18 ./src/usart/usart.o
                0x0000018c                usart_read
 .text.uart_init
                0x000001a4       0x38 ./src/uart/uart.o
                0x000001a4                uart_init
 .text.uart_write
                0x000001dc       0x14 ./src/uart/uart.o
                0x000001dc                uart_write
 .text.uart_read
                0x000001f0       0x14 ./src/uart/uart.o
                0x000001f0                uart_read
 .text.tc_init  0x00000204       0x18 ./src/tc/tc.o
                0x00000204                tc_init
 .text.tc_start
                0x0000021c        0x8 ./src/tc/tc.o
                0x0000021c                tc_start
 .text.tc_stop  0x00000224        0x8 ./src/tc/tc.o
                0x00000224                tc_stop
 .text.tc_write_rc
                0x0000022c        0x8 ./src/tc/tc.o
                0x0000022c                tc_write_rc
 .text.tc_enable_interrupt
                0x00000234        0x8 ./src/tc/tc.o
                0x00000234                tc_enable_interrupt
 .text.tc_get_status
                0x0000023c        0x8 ./src/tc/tc.o
                0x0000023c                tc_get_status
 .text.tc_find_mck_divisor
                0x00000244       0x68 ./src/tc/tc.o
                0x00000244                tc_find_mck_divisor
 .text.spi_enable_clock
                0x000002ac        0xc ./src/spi/spi.o
                0x000002ac                spi_enable_clock
 .text.spi_set_peripheral_chip_select_value
                0x000002b8       0x18 ./src/spi/spi.o
                0x000002b8                spi_set_peripheral_chip_select_value
 .text.spi_set_delay_between_chip_select
                0x000002d0       0x14 ./src/spi/spi.o
                0x000002d0                spi_set_delay_between_chip_select
 .text.spi_write
                0x000002e4       0x40 ./src/spi/spi.o
                0x000002e4                spi_write
 .text.spi_set_clock_polarity
                0x00000324       0x24 ./src/spi/spi.o
                0x00000324                spi_set_clock_polarity
 .text.spi_set_clock_phase
                0x00000348       0x24 ./src/spi/spi.o
                0x00000348                spi_set_clock_phase
 .text.spi_configure_cs_behavior
                0x0000036c       0x54 ./src/spi/spi.o
                0x0000036c                spi_configure_cs_behavior
 .text.spi_set_bits_per_transfer
                0x000003c0       0x1c ./src/spi/spi.o
                0x000003c0                spi_set_bits_per_transfer
 .text.spi_calc_baudrate_div
                0x000003dc       0x1c ./src/spi/spi.o
                0x000003dc                spi_calc_baudrate_div
 .text.spi_set_baudrate_div
                0x000003f8       0x34 ./src/spi/spi.o
                0x000003f8                spi_set_baudrate_div
 .text.spi_set_transfer_delay
                0x0000042c       0x24 ./src/spi/spi.o
                0x0000042c                spi_set_transfer_delay
 .text.board_init
                0x00000450       0x98 ./src/sam3s_OLIMEX/init.o
                0x00000450                board_init
 .text.Reset_Handler
                0x000004e8       0x78 ./src/sam/utils/cmsis/sam3s/source/templates/gcc/startup_sam3s.o
                0x000004e8                Reset_Handler
 .text.Dummy_Handler
                0x00000560        0x4 ./src/sam/utils/cmsis/sam3s/source/templates/exceptions.o
                0x00000560                DACC_Handler
                0x00000560                DebugMon_Handler
                0x00000560                HardFault_Handler
                0x00000560                TC2_Handler
                0x00000560                SPI_Handler
                0x00000560                TWI1_Handler
                0x00000560                PendSV_Handler
                0x00000560                NMI_Handler
                0x00000560                ADC_Handler
                0x00000560                CRCCU_Handler
                0x00000560                USART0_Handler
                0x00000560                RTT_Handler
                0x00000560                RTC_Handler
                0x00000560                UsageFault_Handler
                0x00000560                WDT_Handler
                0x00000560                TC1_Handler
                0x00000560                HSMCI_Handler
                0x00000560                UART1_Handler
                0x00000560                Dummy_Handler
                0x00000560                TWI0_Handler
                0x00000560                USART1_Handler
                0x00000560                SSC_Handler
                0x00000560                ACC_Handler
                0x00000560                PMC_Handler
                0x00000560                PWM_Handler
                0x00000560                MemManage_Handler
                0x00000560                SUPC_Handler
                0x00000560                SVC_Handler
                0x00000560                EFC_Handler
                0x00000560                UART0_Handler
                0x00000560                UDP_Handler
                0x00000560                BusFault_Handler
                0x00000560                RSTC_Handler
 .text.SystemCoreClockUpdate
                0x00000564      0x134 ./src/sam/utils/cmsis/sam3s/source/templates/system_sam3s.o
                0x00000564                SystemCoreClockUpdate
 .text._sbrk    0x00000698       0x34 ./src/sam/syscalls/gcc/syscalls.o
                0x00000698                _sbrk
 .text._close   0x000006cc        0x8 ./src/sam/syscalls/gcc/syscalls.o
                0x000006cc                _close
 .text._fstat   0x000006d4        0xc ./src/sam/syscalls/gcc/syscalls.o
                0x000006d4                _fstat
 .text._isatty  0x000006e0        0x4 ./src/sam/syscalls/gcc/syscalls.o
                0x000006e0                _isatty
 .text._lseek   0x000006e4        0x4 ./src/sam/syscalls/gcc/syscalls.o
                0x000006e4                _lseek
 .text.flash_is_gpnvm_set
                0x000006e8       0x34 ./src/sam/services/flash_efc/flash_efc.o
                0x000006e8                flash_is_gpnvm_set
 .text.flash_clear_gpnvm
                0x0000071c       0x30 ./src/sam/services/flash_efc/flash_efc.o
                0x0000071c                flash_clear_gpnvm
 .text.efc_get_result
                0x0000074c        0x4 ./src/sam/drivers/efc/efc.o
                0x0000074c                efc_get_result
 .text.efc_perform_command
                0x00000750       0x4c ./src/sam/drivers/efc/efc.o
                0x00000750                efc_perform_command
 .text.ili93xx_delay
                0x0000079c       0x30 ./src/sam/components/display/ili93xx/ili93xx.o
 .text.ili93xx_check_box_coordinates
                0x000007cc       0x58 ./src/sam/components/display/ili93xx/ili93xx.o
 .text.ili9341_write_cmd
                0x00000824       0x1c ./src/sam/components/display/ili93xx/ili93xx.o
 .text.ili93xx_write_ram_prepare
                0x00000840       0x1c ./src/sam/components/display/ili93xx/ili93xx.o
 .text.ili93xx_write_ram
                0x0000085c       0x2c ./src/sam/components/display/ili93xx/ili93xx.o
 .text.ili93xx_write_ram_buffer
                0x00000888       0x74 ./src/sam/components/display/ili93xx/ili93xx.o
 .text.ili93xx_write_register_datas
                0x000008fc       0x38 ./src/sam/components/display/ili93xx/ili93xx.o
 .text.ili93xx_write_register_word
                0x00000934       0x18 ./src/sam/components/display/ili93xx/ili93xx.o
 .text.ili93xx_display_on
                0x0000094c       0x28 ./src/sam/components/display/ili93xx/ili93xx.o
                0x0000094c                ili93xx_display_on
 .text.ili93xx_set_foreground_color
                0x00000974       0x18 ./src/sam/components/display/ili93xx/ili93xx.o
                0x00000974                ili93xx_set_foreground_color
 .text.ili93xx_set_window
                0x0000098c       0xa0 ./src/sam/components/display/ili93xx/ili93xx.o
                0x0000098c                ili93xx_set_window
 .text.ili93xx_init_w_spi
                0x00000a2c      0x1d8 ./src/sam/components/display/ili93xx/ili93xx.o
                0x00000a2c                ili93xx_init_w_spi
 .text.ili93xx_set_cursor_position
                0x00000c04       0x24 ./src/sam/components/display/ili93xx/ili93xx.o
                0x00000c04                ili93xx_set_cursor_position
 .text.ili93xx_draw_pixel
                0x00000c28       0x6c ./src/sam/components/display/ili93xx/ili93xx.o
                0x00000c28                ili93xx_draw_pixel
 .text.ili93xx_draw_line_bresenham
                0x00000c94       0x98 ./src/sam/components/display/ili93xx/ili93xx.o
 .text.ili93xx_draw_filled_rectangle
                0x00000d2c       0xa8 ./src/sam/components/display/ili93xx/ili93xx.o
                0x00000d2c                ili93xx_draw_filled_rectangle
 .text.ili93xx_draw_line
                0x00000dd4       0x18 ./src/sam/components/display/ili93xx/ili93xx.o
                0x00000dd4                ili93xx_draw_line
 .text.pmc_switch_mck_to_mainck
                0x00000dec       0x54 ./src/pmc/pmc.o
                0x00000dec                pmc_switch_mck_to_mainck
 .text.pmc_switch_mainck_to_xtal
                0x00000e40       0x54 ./src/pmc/pmc.o
                0x00000e40                pmc_switch_mainck_to_xtal
 .text.pmc_osc_is_ready_mainck
                0x00000e94       0x10 ./src/pmc/pmc.o
                0x00000e94                pmc_osc_is_ready_mainck
 .text.pmc_enable_periph_clk
                0x00000ea4       0x54 ./src/pmc/pmc.o
                0x00000ea4                pmc_enable_periph_clk
 .text.pio_pull_up
                0x00000ef8        0xc ./src/pio/pio.o
                0x00000ef8                pio_pull_up
 .text.pio_set_debounce_filter
                0x00000f04       0x1c ./src/pio/pio.o
                0x00000f04                pio_set_debounce_filter
 .text.pio_set_peripheral
                0x00000f20       0x90 ./src/pio/pio.o
                0x00000f20                pio_set_peripheral
 .text.pio_configure_interrupt
                0x00000fb0       0x34 ./src/pio/pio.o
                0x00000fb0                pio_configure_interrupt
 .text.pio_enable_interrupt
                0x00000fe4        0x8 ./src/pio/pio.o
                0x00000fe4                pio_enable_interrupt
 .text.pio_disable_interrupt
                0x00000fec        0x4 ./src/pio/pio.o
                0x00000fec                pio_disable_interrupt
 .text.pio_set_input
                0x00000ff0       0x40 ./src/pio/pio.o
                0x00000ff0                pio_set_input
 .text.pio_set_output
                0x00001030       0x30 ./src/pio/pio.o
                0x00001030                pio_set_output
 .text.pio_get_interrupt_status
                0x00001060        0x4 ./src/pio/pio.o
                0x00001060                pio_get_interrupt_status
 .text.pio_get_interrupt_mask
                0x00001064        0x4 ./src/pio/pio.o
                0x00001064                pio_get_interrupt_mask
 .text.pio_configure_pin_group
                0x00001068       0xd8 ./src/pio/pio.o
                0x00001068                pio_configure_pin_group
 .text.pio_get_pin_group
                0x00001140       0x10 ./src/pio/pio.o
                0x00001140                pio_get_pin_group
 .text.pio_set_pin_high
                0x00001150       0x14 ./src/pio/pio.o
                0x00001150                pio_set_pin_high
 .text.pio_set_pin_low
                0x00001164       0x14 ./src/pio/pio.o
                0x00001164                pio_set_pin_low
 .text.pio_configure_pin
                0x00001178      0x118 ./src/pio/pio.o
                0x00001178                pio_configure_pin
 .text.pio_handler_process
                0x00001290       0x70 ./src/pio/pio_handler.o
                0x00001290                pio_handler_process
 .text.pio_handler_set
                0x00001300       0x3c ./src/pio/pio_handler.o
                0x00001300                pio_handler_set
 .text.PIOA_Handler
                0x0000133c       0x10 ./src/pio/pio_handler.o
                0x0000133c                PIOA_Handler
 .text.PIOB_Handler
                0x0000134c       0x10 ./src/pio/pio_handler.o
                0x0000134c                PIOB_Handler
 .text.pio_handler_set_priority
                0x0000135c       0x78 ./src/pio/pio_handler.o
                0x0000135c                pio_handler_set_priority
 .text._read    0x000013d4       0x34 ./src/common/utils/stdio/read.o
                0x000013d4                _read
 .text._write   0x00001408       0x44 ./src/common/utils/stdio/write.o
                0x00001408                _write
 .text.spi_master_init
                0x0000144c       0x48 ./src/common/services/spi/sam_spi/spi_master.o
                0x0000144c                spi_master_init
 .text.spi_master_setup_device
                0x00001494       0x5c ./src/common/services/spi/sam_spi/spi_master.o
                0x00001494                spi_master_setup_device
 .text.spi_select_device
                0x000014f0       0x2c ./src/common/services/spi/sam_spi/spi_master.o
                0x000014f0                spi_select_device
 .text.spi_write_packet
                0x0000151c       0x3c ./src/common/services/spi/sam_spi/spi_master.o
                0x0000151c                spi_write_packet
 .text.sysclk_init
                0x00001558       0x34 ./src/common/services/clock/sam3s/sysclk.o
                0x00001558                sysclk_init
 .text.usart_serial_getchar
                0x0000158c       0x74 ./src/main.o
 .text.usart_serial_putchar
                0x00001600       0x74 ./src/main.o
 .text.configure_tc
                0x00001674       0x74 ./src/main.o
 .text.configure_buttons
                0x000016e8       0x94 ./src/main.o
 .text.ProcessButtonEvt
                0x0000177c       0x74 ./src/main.o
 .text.Button2_Handler
                0x000017f0       0x18 ./src/main.o
 .text.Button1_Handler
                0x00001808       0x18 ./src/main.o
 .text.configure_console
                0x00001820       0x7c ./src/main.o
 .text.TC0_Handler
                0x0000189c       0x3c ./src/main.o
                0x0000189c                TC0_Handler
 .text.main     0x000018d8      0x11c ./src/main.o
                0x000018d8                main
 .text.mdelay   0x000019f4       0x14 ./src/mdelay.o
                0x000019f4                mdelay
 .text.SysTick_Handler
                0x00001a08       0x10 ./src/mdelay.o
                0x00001a08                SysTick_Handler
 .text.__libc_init_array
                0x00001a18       0x4c /usr/local/gcc-arm-none-eabi-5_2-2015q4/bin/../lib/gcc/arm-none-eabi/5.2.1/../../../../arm-none-eabi/lib/armv7-m/libg_nano.a(lib_a-init.o)
                0x00001a18                __libc_init_array
 .text.memset   0x00001a64       0x10 /usr/local/gcc-arm-none-eabi-5_2-2015q4/bin/../lib/gcc/arm-none-eabi/5.2.1/../../../../arm-none-eabi/lib/armv7-m/libg_nano.a(lib_a-memset.o)
                0x00001a64                memset
 .text.printf   0x00001a74       0x30 /usr/local/gcc-arm-none-eabi-5_2-2015q4/bin/../lib/gcc/arm-none-eabi/5.2.1/../../../../arm-none-eabi/lib/armv7-m/libg_nano.a(lib_a-printf.o)
                0x00001a74                printf
                0x00001a74                iprintf
 .text._puts_r  0x00001aa4       0xf0 /usr/local/gcc-arm-none-eabi-5_2-2015q4/bin/../lib/gcc/arm-none-eabi/5.2.1/../../../../arm-none-eabi/lib/armv7-m/libg_nano.a(lib_a-puts.o)
                0x00001aa4                _puts_r
 .text.puts     0x00001b94       0x10 /usr/local/gcc-arm-none-eabi-5_2-2015q4/bin/../lib/gcc/arm-none-eabi/5.2.1/../../../../arm-none-eabi/lib/armv7-m/libg_nano.a(lib_a-puts.o)
                0x00001b94                puts
 .text.setbuf   0x00001ba4       0x10 /usr/local/gcc-arm-none-eabi-5_2-2015q4/bin/../lib/gcc/arm-none-eabi/5.2.1/../../../../arm-none-eabi/lib/armv7-m/libg_nano.a(lib_a-setbuf.o)
                0x00001ba4                setbuf
 .text.setvbuf  0x00001bb4      0x110 /usr/local/gcc-arm-none-eabi-5_2-2015q4/bin/../lib/gcc/arm-none-eabi/5.2.1/../../../../arm-none-eabi/lib/armv7-m/libg_nano.a(lib_a-setvbuf.o)
                0x00001bb4                setvbuf
 .text.__swbuf_r
                0x00001cc4       0xa8 /usr/local/gcc-arm-none-eabi-5_2-2015q4/bin/../lib/gcc/arm-none-eabi/5.2.1/../../../../arm-none-eabi/lib/armv7-m/libg_nano.a(lib_a-wbuf.o)
                0x00001cc4                __swbuf_r
 .text.__swsetup_r
                0x00001d6c       0xd8 /usr/local/gcc-arm-none-eabi-5_2-2015q4/bin/../lib/gcc/arm-none-eabi/5.2.1/../../../../arm-none-eabi/lib/armv7-m/libg_nano.a(lib_a-wsetup.o)
                0x00001d6c                __swsetup_r
 .text.__sflush_r
                0x00001e44      0x10c /usr/local/gcc-arm-none-eabi-5_2-2015q4/bin/../lib/gcc/arm-none-eabi/5.2.1/../../../../arm-none-eabi/lib/armv7-m/libg_nano.a(lib_a-fflush.o)
                0x00001e44                __sflush_r
 .text._fflush_r
                0x00001f50       0x54 /usr/local/gcc-arm-none-eabi-5_2-2015q4/bin/../lib/gcc/arm-none-eabi/5.2.1/../../../../arm-none-eabi/lib/armv7-m/libg_nano.a(lib_a-fflush.o)
                0x00001f50                _fflush_r
 .text._cleanup_r
                0x00001fa4        0xc /usr/local/gcc-arm-none-eabi-5_2-2015q4/bin/../lib/gcc/arm-none-eabi/5.2.1/../../../../arm-none-eabi/lib/armv7-m/libg_nano.a(lib_a-findfp.o)
                0x00001fa4                _cleanup_r
 .text.std.isra.0
                0x00001fb0       0x48 /usr/local/gcc-arm-none-eabi-5_2-2015q4/bin/../lib/gcc/arm-none-eabi/5.2.1/../../../../arm-none-eabi/lib/armv7-m/libg_nano.a(lib_a-findfp.o)
 .text.__sfmoreglue
                0x00001ff8       0x2c /usr/local/gcc-arm-none-eabi-5_2-2015q4/bin/../lib/gcc/arm-none-eabi/5.2.1/../../../../arm-none-eabi/lib/armv7-m/libg_nano.a(lib_a-findfp.o)
                0x00001ff8                __sfmoreglue
 .text.__sinit  0x00002024       0x60 /usr/local/gcc-arm-none-eabi-5_2-2015q4/bin/../lib/gcc/arm-none-eabi/5.2.1/../../../../arm-none-eabi/lib/armv7-m/libg_nano.a(lib_a-findfp.o)
                0x00002024                __sinit
 .text.__sfp    0x00002084       0x78 /usr/local/gcc-arm-none-eabi-5_2-2015q4/bin/../lib/gcc/arm-none-eabi/5.2.1/../../../../arm-none-eabi/lib/armv7-m/libg_nano.a(lib_a-findfp.o)
                0x00002084                __sfp
 .text._fwalk_reent
                0x000020fc       0x3c /usr/local/gcc-arm-none-eabi-5_2-2015q4/bin/../lib/gcc/arm-none-eabi/5.2.1/../../../../arm-none-eabi/lib/armv7-m/libg_nano.a(lib_a-fwalk.o)
                0x000020fc                _fwalk_reent
 .text.__smakebuf_r
                0x00002138       0x98 /usr/local/gcc-arm-none-eabi-5_2-2015q4/bin/../lib/gcc/arm-none-eabi/5.2.1/../../../../arm-none-eabi/lib/armv7-m/libg_nano.a(lib_a-makebuf.o)
                0x00002138                __smakebuf_r
 .text.malloc   0x000021d0       0x10 /usr/local/gcc-arm-none-eabi-5_2-2015q4/bin/../lib/gcc/arm-none-eabi/5.2.1/../../../../arm-none-eabi/lib/armv7-m/libg_nano.a(lib_a-malloc.o)
                0x000021d0                malloc
 .text._free_r  0x000021e0       0x88 /usr/local/gcc-arm-none-eabi-5_2-2015q4/bin/../lib/gcc/arm-none-eabi/5.2.1/../../../../arm-none-eabi/lib/armv7-m/libg_nano.a(lib_a-nano-freer.o)
                0x000021e0                _free_r
 .text._malloc_r
                0x00002268       0xa8 /usr/local/gcc-arm-none-eabi-5_2-2015q4/bin/../lib/gcc/arm-none-eabi/5.2.1/../../../../arm-none-eabi/lib/armv7-m/libg_nano.a(lib_a-nano-mallocr.o)
                0x00002268                _malloc_r
 .text.__sfputc_r
                0x00002310       0x2c /usr/local/gcc-arm-none-eabi-5_2-2015q4/bin/../lib/gcc/arm-none-eabi/5.2.1/../../../../arm-none-eabi/lib/armv7-m/libg_nano.a(lib_a-nano-vfprintf.o)
 .text.__sfputs_r
                0x0000233c       0x24 /usr/local/gcc-arm-none-eabi-5_2-2015q4/bin/../lib/gcc/arm-none-eabi/5.2.1/../../../../arm-none-eabi/lib/armv7-m/libg_nano.a(lib_a-nano-vfprintf.o)
                0x0000233c                __sfputs_r
 .text._vfprintf_r
                0x00002360      0x238 /usr/local/gcc-arm-none-eabi-5_2-2015q4/bin/../lib/gcc/arm-none-eabi/5.2.1/../../../../arm-none-eabi/lib/armv7-m/libg_nano.a(lib_a-nano-vfprintf.o)
                0x00002360                _vfiprintf_r
                0x00002360                _vfprintf_r
 .text._printf_common
                0x00002598       0xec /usr/local/gcc-arm-none-eabi-5_2-2015q4/bin/../lib/gcc/arm-none-eabi/5.2.1/../../../../arm-none-eabi/lib/armv7-m/libg_nano.a(lib_a-nano-vfprintf_i.o)
                0x00002598                _printf_common
 .text._printf_i
                0x00002684      0x24c /usr/local/gcc-arm-none-eabi-5_2-2015q4/bin/../lib/gcc/arm-none-eabi/5.2.1/../../../../arm-none-eabi/lib/armv7-m/libg_nano.a(lib_a-nano-vfprintf_i.o)
                0x00002684                _printf_i
 .text._sbrk_r  0x000028d0       0x20 /usr/local/gcc-arm-none-eabi-5_2-2015q4/bin/../lib/gcc/arm-none-eabi/5.2.1/../../../../arm-none-eabi/lib/armv7-m/libg_nano.a(lib_a-sbrkr.o)
                0x000028d0                _sbrk_r
 .text.__sread  0x000028f0       0x22 /usr/local/gcc-arm-none-eabi-5_2-2015q4/bin/../lib/gcc/arm-none-eabi/5.2.1/../../../../arm-none-eabi/lib/armv7-m/libg_nano.a(lib_a-stdio.o)
                0x000028f0                __sread
 .text.__swrite
                0x00002912       0x38 /usr/local/gcc-arm-none-eabi-5_2-2015q4/bin/../lib/gcc/arm-none-eabi/5.2.1/../../../../arm-none-eabi/lib/armv7-m/libg_nano.a(lib_a-stdio.o)
                0x00002912                __swrite
 .text.__sseek  0x0000294a       0x24 /usr/local/gcc-arm-none-eabi-5_2-2015q4/bin/../lib/gcc/arm-none-eabi/5.2.1/../../../../arm-none-eabi/lib/armv7-m/libg_nano.a(lib_a-stdio.o)
                0x0000294a                __sseek
 .text.__sclose
                0x0000296e        0x8 /usr/local/gcc-arm-none-eabi-5_2-2015q4/bin/../lib/gcc/arm-none-eabi/5.2.1/../../../../arm-none-eabi/lib/armv7-m/libg_nano.a(lib_a-stdio.o)
                0x0000296e                __sclose
 *fill*         0x00002976        0x2 
 .text._write_r
                0x00002978       0x24 /usr/local/gcc-arm-none-eabi-5_2-2015q4/bin/../lib/gcc/arm-none-eabi/5.2.1/../../../../arm-none-eabi/lib/armv7-m/libg_nano.a(lib_a-writer.o)
                0x00002978                _write_r
 .text._close_r
                0x0000299c       0x20 /usr/local/gcc-arm-none-eabi-5_2-2015q4/bin/../lib/gcc/arm-none-eabi/5.2.1/../../../../arm-none-eabi/lib/armv7-m/libg_nano.a(lib_a-closer.o)
                0x0000299c                _close_r
 .text._fstat_r
                0x000029bc       0x24 /usr/local/gcc-arm-none-eabi-5_2-2015q4/bin/../lib/gcc/arm-none-eabi/5.2.1/../../../../arm-none-eabi/lib/armv7-m/libg_nano.a(lib_a-fstatr.o)
                0x000029bc                _fstat_r
 .text._isatty_r
                0x000029e0       0x20 /usr/local/gcc-arm-none-eabi-5_2-2015q4/bin/../lib/gcc/arm-none-eabi/5.2.1/../../../../arm-none-eabi/lib/armv7-m/libg_nano.a(lib_a-isattyr.o)
                0x000029e0                _isatty_r
 .text._lseek_r
                0x00002a00       0x24 /usr/local/gcc-arm-none-eabi-5_2-2015q4/bin/../lib/gcc/arm-none-eabi/5.2.1/../../../../arm-none-eabi/lib/armv7-m/libg_nano.a(lib_a-lseekr.o)
                0x00002a00                _lseek_r
 .text.memchr   0x00002a24       0x1c /usr/local/gcc-arm-none-eabi-5_2-2015q4/bin/../lib/gcc/arm-none-eabi/5.2.1/../../../../arm-none-eabi/lib/armv7-m/libg_nano.a(lib_a-memchr-stub.o)
                0x00002a24                memchr
 .text._read_r  0x00002a40       0x24 /usr/local/gcc-arm-none-eabi-5_2-2015q4/bin/../lib/gcc/arm-none-eabi/5.2.1/../../../../arm-none-eabi/lib/armv7-m/libg_nano.a(lib_a-readr.o)
                0x00002a40                _read_r
 *(.glue_7t)
 .glue_7t       0x00002a64        0x0 linker stubs
 *(.glue_7)
 .glue_7        0x00002a64        0x0 linker stubs
 *(.rodata .rodata* .gnu.linkonce.r.*)
 .rodata.str1.4
                0x00002a64      0x178 ./src/main.o
                                0x177 (size before relaxing)
 .rodata.str1.1
                0x00002bdc        0x2 /usr/local/gcc-arm-none-eabi-5_2-2015q4/bin/../lib/gcc/arm-none-eabi/5.2.1/../../../../arm-none-eabi/lib/armv7-m/libg_nano.a(lib_a-impure.o)
 *fill*         0x00002bde        0x2 
 .rodata._global_impure_ptr
                0x00002be0        0x4 /usr/local/gcc-arm-none-eabi-5_2-2015q4/bin/../lib/gcc/arm-none-eabi/5.2.1/../../../../arm-none-eabi/lib/armv7-m/libg_nano.a(lib_a-impure.o)
                0x00002be0                _global_impure_ptr
 .rodata.__sf_fake_stdin
                0x00002be4       0x20 /usr/local/gcc-arm-none-eabi-5_2-2015q4/bin/../lib/gcc/arm-none-eabi/5.2.1/../../../../arm-none-eabi/lib/armv7-m/libg_nano.a(lib_a-findfp.o)
                0x00002be4                __sf_fake_stdin
 .rodata.__sf_fake_stdout
                0x00002c04       0x20 /usr/local/gcc-arm-none-eabi-5_2-2015q4/bin/../lib/gcc/arm-none-eabi/5.2.1/../../../../arm-none-eabi/lib/armv7-m/libg_nano.a(lib_a-findfp.o)
                0x00002c04                __sf_fake_stdout
 .rodata.__sf_fake_stderr
                0x00002c24       0x20 /usr/local/gcc-arm-none-eabi-5_2-2015q4/bin/../lib/gcc/arm-none-eabi/5.2.1/../../../../arm-none-eabi/lib/armv7-m/libg_nano.a(lib_a-findfp.o)
                0x00002c24                __sf_fake_stderr
 .rodata.str1.1
                0x00002c44       0x11 /usr/local/gcc-arm-none-eabi-5_2-2015q4/bin/../lib/gcc/arm-none-eabi/5.2.1/../../../../arm-none-eabi/lib/armv7-m/libg_nano.a(lib_a-nano-vfprintf.o)
 .rodata.str1.1
                0x00002c55       0x22 /usr/local/gcc-arm-none-eabi-5_2-2015q4/bin/../lib/gcc/arm-none-eabi/5.2.1/../../../../arm-none-eabi/lib/armv7-m/libg_nano.a(lib_a-nano-vfprintf_i.o)
 *(.ARM.extab* .gnu.linkonce.armextab.*)
                0x00002c78                . = ALIGN (0x4)
 *fill*         0x00002c77        0x1 
 *(.init)
 .init          0x00002c78        0x4 /usr/local/gcc-arm-none-eabi-5_2-2015q4/bin/../lib/gcc/arm-none-eabi/5.2.1/armv7-m/crti.o
                0x00002c78                _init
 .init          0x00002c7c        0x8 /usr/local/gcc-arm-none-eabi-5_2-2015q4/bin/../lib/gcc/arm-none-eabi/5.2.1/armv7-m/crtn.o
                0x00002c84                . = ALIGN (0x4)
                0x00002c84                __preinit_array_start = .
 *(.preinit_array)
                0x00002c84                __preinit_array_end = .
                0x00002c84                . = ALIGN (0x4)
                0x00002c84                __init_array_start = .
 *(SORT(.init_array.*))
 *(.init_array)
 .init_array    0x00002c84        0x4 /usr/local/gcc-arm-none-eabi-5_2-2015q4/bin/../lib/gcc/arm-none-eabi/5.2.1/armv7-m/crtbegin.o
                0x00002c88                __init_array_end = .
                0x00002c88                . = ALIGN (0x4)
 *crtbegin.o(.ctors)
 *(EXCLUDE_FILE(*crtend.o) .ctors)
 *(SORT(.ctors.*))
 *crtend.o(.ctors)
                0x00002c88                . = ALIGN (0x4)
 *(.fini)
 .fini          0x00002c88        0x4 /usr/local/gcc-arm-none-eabi-5_2-2015q4/bin/../lib/gcc/arm-none-eabi/5.2.1/armv7-m/crti.o
                0x00002c88                _fini
 .fini          0x00002c8c        0x8 /usr/local/gcc-arm-none-eabi-5_2-2015q4/bin/../lib/gcc/arm-none-eabi/5.2.1/armv7-m/crtn.o
 *fill*         0x00002c94        0x4 
 .fini.__stub   0x00002c98       0x20 linker stubs
                0x00002cb8                . = ALIGN (0x4)
                0x00002cb8                __fini_array_start = .
 *(.fini_array)
 .fini_array    0x00002cb8        0x4 /usr/local/gcc-arm-none-eabi-5_2-2015q4/bin/../lib/gcc/arm-none-eabi/5.2.1/armv7-m/crtbegin.o
 *(SORT(.fini_array.*))
                0x00002cbc                __fini_array_end = .
 *crtbegin.o(.dtors)
 *(EXCLUDE_FILE(*crtend.o) .dtors)
 *(SORT(.dtors.*))
 *crtend.o(.dtors)
                0x00002cbc                . = ALIGN (0x4)
                0x00002cbc                _efixed = .
                [!provide]                PROVIDE (__exidx_start, .)

.vfp11_veneer   0x00002cbc        0x0
 .vfp11_veneer  0x00002cbc        0x0 linker stubs

.v4_bx          0x00002cbc        0x0
 .v4_bx         0x00002cbc        0x0 linker stubs

.iplt           0x00002cbc        0x0
 .iplt          0x00002cbc        0x0 /usr/local/gcc-arm-none-eabi-5_2-2015q4/bin/../lib/gcc/arm-none-eabi/5.2.1/armv7-m/crtbegin.o

.eh_frame       0x00002cbc        0x0
 .eh_frame      0x00002cbc        0x0 /usr/local/gcc-arm-none-eabi-5_2-2015q4/bin/../lib/gcc/arm-none-eabi/5.2.1/armv7-m/crtbegin.o

.rel.dyn        0x00002cbc        0x0
 .rel.iplt      0x00002cbc        0x0 /usr/local/gcc-arm-none-eabi-5_2-2015q4/bin/../lib/gcc/arm-none-eabi/5.2.1/armv7-m/crtbegin.o

.jcr            0x00002cbc        0x0
 .jcr           0x00002cbc        0x0 /usr/local/gcc-arm-none-eabi-5_2-2015q4/bin/../lib/gcc/arm-none-eabi/5.2.1/armv7-m/crtbegin.o

.tm_clone_table
                0x00002cbc        0x0
 .tm_clone_table
                0x00002cbc        0x0 /usr/local/gcc-arm-none-eabi-5_2-2015q4/bin/../lib/gcc/arm-none-eabi/5.2.1/armv7-m/crtbegin.o
 .tm_clone_table
                0x00002cbc        0x0 /usr/local/gcc-arm-none-eabi-5_2-2015q4/bin/../lib/gcc/arm-none-eabi/5.2.1/armv7-m/crtend.o

.igot.plt       0x00002cbc        0x0
 .igot.plt      0x00002cbc        0x0 /usr/local/gcc-arm-none-eabi-5_2-2015q4/bin/../lib/gcc/arm-none-eabi/5.2.1/armv7-m/crtbegin.o

.ARM.exidx
 *(.ARM.exidx* .gnu.linkonce.armexidx.*)
                [!provide]                PROVIDE (__exidx_end, .)
                0x00002cbc                . = ALIGN (0x4)
                0x00002cbc                _etext = .

.relocate       0x20000000      0x1e0 load address 0x00002cbc
                0x20000000                . = ALIGN (0x4)
                0x20000000                _srelocate = .
 *(.ramfunc .ramfunc.*)
 .ramfunc       0x20000000       0xe8 ./src/sam/utils/cmsis/sam3s/source/templates/system_sam3s.o
                0x20000000                SystemInit
                0x200000a0                system_init_flash
 .ramfunc       0x200000e8       0x84 ./src/sam/drivers/efc/efc.o
                0x200000e8                efc_perform_read_sequence
                0x2000014c                efc_write_fmr
                0x20000150                efc_perform_fcr
 *(.data .data.*)
 .data.SystemCoreClock
                0x2000016c        0x4 ./src/sam/utils/cmsis/sam3s/source/templates/system_sam3s.o
                0x2000016c                SystemCoreClock
 .data.g_ul_lcd_x_length
                0x20000170        0x4 ./src/sam/components/display/ili93xx/ili93xx.o
 .data.g_ul_lcd_y_length
                0x20000174        0x4 ./src/sam/components/display/ili93xx/ili93xx.o
 .data.g_interrupt_enabled
                0x20000178        0x1 ./src/common/utils/interrupt/interrupt_sam_nvic.o
                0x20000178                g_interrupt_enabled
 .data.g_b_led0_active
                0x20000179        0x1 ./src/main.o
                0x20000179                g_b_led0_active
 .data.g_b_led1_active
                0x2000017a        0x1 ./src/main.o
                0x2000017a                g_b_led1_active
 *fill*         0x2000017b        0x1 
 .data.impure_data
                0x2000017c       0x60 /usr/local/gcc-arm-none-eabi-5_2-2015q4/bin/../lib/gcc/arm-none-eabi/5.2.1/../../../../arm-none-eabi/lib/armv7-m/libg_nano.a(lib_a-impure.o)
 .data._impure_ptr
                0x200001dc        0x4 /usr/local/gcc-arm-none-eabi-5_2-2015q4/bin/../lib/gcc/arm-none-eabi/5.2.1/../../../../arm-none-eabi/lib/armv7-m/libg_nano.a(lib_a-impure.o)
                0x200001dc                _impure_ptr
                0x200001e0                . = ALIGN (0x4)
                0x200001e0                _erelocate = .

.bss            0x200001e0      0x2ac load address 0x00002e9c
                0x200001e0                . = ALIGN (0x4)
                0x200001e0                _sbss = .
                0x200001e0                _szero = .
 *(.bss .bss.*)
 .bss           0x200001e0       0x1c /usr/local/gcc-arm-none-eabi-5_2-2015q4/bin/../lib/gcc/arm-none-eabi/5.2.1/armv7-m/crtbegin.o
 .bss.heap.5322
                0x200001fc        0x4 ./src/sam/syscalls/gcc/syscalls.o
 .bss.g_ul_pixel_cache
                0x20000200      0x1e0 ./src/sam/components/display/ili93xx/ili93xx.o
 .bss.g_uc_device_type
                0x200003e0        0x1 ./src/sam/components/display/ili93xx/ili93xx.o
 *fill*         0x200003e1        0x3 
 .bss.gs_ul_nb_sources
                0x200003e4        0x4 ./src/pio/pio_handler.o
 .bss.pio_capture_handler
                0x200003e8        0x4 ./src/pio/pio_handler.o
 .bss.gs_interrupt_sources
                0x200003ec       0x70 ./src/pio/pio_handler.o
 .bss.g_ul_ms_ticks
                0x2000045c        0x4 ./src/mdelay.o
                0x2000045c                g_ul_ms_ticks
 .bss.__malloc_sbrk_start
                0x20000460        0x4 /usr/local/gcc-arm-none-eabi-5_2-2015q4/bin/../lib/gcc/arm-none-eabi/5.2.1/../../../../arm-none-eabi/lib/armv7-m/libg_nano.a(lib_a-nano-mallocr.o)
                0x20000460                __malloc_sbrk_start
 .bss.__malloc_free_list
                0x20000464        0x4 /usr/local/gcc-arm-none-eabi-5_2-2015q4/bin/../lib/gcc/arm-none-eabi/5.2.1/../../../../arm-none-eabi/lib/armv7-m/libg_nano.a(lib_a-nano-mallocr.o)
                0x20000464                __malloc_free_list
 *(COMMON)
 COMMON         0x20000468        0x4 ./src/pio/pio.o
                0x20000468                pio_capture_enable_flag
 COMMON         0x2000046c        0x4 ./src/common/utils/stdio/read.o
                0x2000046c                ptr_get
 COMMON         0x20000470        0x8 ./src/common/utils/stdio/write.o
                0x20000470                ptr_put
                0x20000474                stdio_base
 COMMON         0x20000478       0x10 ./src/main.o
                0x20000478                g_ili93xx_display_opt
 COMMON         0x20000488        0x4 /usr/local/gcc-arm-none-eabi-5_2-2015q4/bin/../lib/gcc/arm-none-eabi/5.2.1/../../../../arm-none-eabi/lib/armv7-m/libg_nano.a(lib_a-reent.o)
                0x20000488                errno
                0x2000048c                . = ALIGN (0x4)
                0x2000048c                _ebss = .
                0x2000048c                _ezero = .

.stack          0x2000048c     0x2004 load address 0x00003148
                0x20000490                . = ALIGN (0x8)
 *fill*         0x2000048c        0x4 
                0x20000490                _sstack = .
                0x20002490                . = (. + __stack_size__)
 *fill*         0x20000490     0x2000 
                0x20002490                . = ALIGN (0x8)
                0x20002490                _estack = .
                0x20002490                . = ALIGN (0x4)
                0x20002490                _end = .
OUTPUT(OLIMEX_Start.elf elf32-littlearm)

.ARM.attributes
                0x00000000       0x29
 .ARM.attributes
                0x00000000       0x1d /usr/local/gcc-arm-none-eabi-5_2-2015q4/bin/../lib/gcc/arm-none-eabi/5.2.1/armv7-m/crti.o
 .ARM.attributes
                0x0000001d       0x2d /usr/local/gcc-arm-none-eabi-5_2-2015q4/bin/../lib/gcc/arm-none-eabi/5.2.1/armv7-m/crtbegin.o
 .ARM.attributes
                0x0000004a       0x33 ./src/usart/usart.o
 .ARM.attributes
                0x0000007d       0x33 ./src/uart/uart.o
 .ARM.attributes
                0x000000b0       0x33 ./src/tc/tc.o
 .ARM.attributes
                0x000000e3       0x33 ./src/spi/spi.o
 .ARM.attributes
                0x00000116       0x33 ./src/sam3s_OLIMEX/init.o
 .ARM.attributes
                0x00000149       0x33 ./src/sam/utils/cmsis/sam3s/source/templates/gcc/startup_sam3s.o
 .ARM.attributes
                0x0000017c       0x33 ./src/sam/utils/cmsis/sam3s/source/templates/exceptions.o
 .ARM.attributes
                0x000001af       0x33 ./src/sam/utils/cmsis/sam3s/source/templates/system_sam3s.o
 .ARM.attributes
                0x000001e2       0x33 ./src/sam/syscalls/gcc/syscalls.o
 .ARM.attributes
                0x00000215       0x33 ./src/sam/services/flash_efc/flash_efc.o
 .ARM.attributes
                0x00000248       0x33 ./src/sam/drivers/efc/efc.o
 .ARM.attributes
                0x0000027b       0x33 ./src/sam/components/display/ili93xx/ili93xx.o
 .ARM.attributes
                0x000002ae       0x33 ./src/pmc/pmc.o
 .ARM.attributes
                0x000002e1       0x33 ./src/pio/pio.o
 .ARM.attributes
                0x00000314       0x33 ./src/pio/pio_handler.o
 .ARM.attributes
                0x00000347       0x33 ./src/common/utils/stdio/read.o
 .ARM.attributes
                0x0000037a       0x33 ./src/common/utils/stdio/write.o
 .ARM.attributes
                0x000003ad       0x33 ./src/common/utils/interrupt/interrupt_sam_nvic.o
 .ARM.attributes
                0x000003e0       0x33 ./src/common/services/spi/sam_spi/spi_master.o
 .ARM.attributes
                0x00000413       0x33 ./src/common/services/clock/sam3s/sysclk.o
 .ARM.attributes
                0x00000446       0x33 ./src/main.o
 .ARM.attributes
                0x00000479       0x33 ./src/mdelay.o
 .ARM.attributes
                0x000004ac       0x2d /usr/local/gcc-arm-none-eabi-5_2-2015q4/bin/../lib/gcc/arm-none-eabi/5.2.1/../../../../arm-none-eabi/lib/armv7-m/libg_nano.a(lib_a-impure.o)
 .ARM.attributes
                0x000004d9       0x2d /usr/local/gcc-arm-none-eabi-5_2-2015q4/bin/../lib/gcc/arm-none-eabi/5.2.1/../../../../arm-none-eabi/lib/armv7-m/libg_nano.a(lib_a-init.o)
 .ARM.attributes
                0x00000506       0x2d /usr/local/gcc-arm-none-eabi-5_2-2015q4/bin/../lib/gcc/arm-none-eabi/5.2.1/../../../../arm-none-eabi/lib/armv7-m/libg_nano.a(lib_a-memset.o)
 .ARM.attributes
                0x00000533       0x2d /usr/local/gcc-arm-none-eabi-5_2-2015q4/bin/../lib/gcc/arm-none-eabi/5.2.1/../../../../arm-none-eabi/lib/armv7-m/libg_nano.a(lib_a-printf.o)
 .ARM.attributes
                0x00000560       0x2d /usr/local/gcc-arm-none-eabi-5_2-2015q4/bin/../lib/gcc/arm-none-eabi/5.2.1/../../../../arm-none-eabi/lib/armv7-m/libg_nano.a(lib_a-puts.o)
 .ARM.attributes
                0x0000058d       0x2d /usr/local/gcc-arm-none-eabi-5_2-2015q4/bin/../lib/gcc/arm-none-eabi/5.2.1/../../../../arm-none-eabi/lib/armv7-m/libg_nano.a(lib_a-setbuf.o)
 .ARM.attributes
                0x000005ba       0x2d /usr/local/gcc-arm-none-eabi-5_2-2015q4/bin/../lib/gcc/arm-none-eabi/5.2.1/../../../../arm-none-eabi/lib/armv7-m/libg_nano.a(lib_a-setvbuf.o)
 .ARM.attributes
                0x000005e7       0x2d /usr/local/gcc-arm-none-eabi-5_2-2015q4/bin/../lib/gcc/arm-none-eabi/5.2.1/../../../../arm-none-eabi/lib/armv7-m/libg_nano.a(lib_a-wbuf.o)
 .ARM.attributes
                0x00000614       0x2d /usr/local/gcc-arm-none-eabi-5_2-2015q4/bin/../lib/gcc/arm-none-eabi/5.2.1/../../../../arm-none-eabi/lib/armv7-m/libg_nano.a(lib_a-wsetup.o)
 .ARM.attributes
                0x00000641       0x2d /usr/local/gcc-arm-none-eabi-5_2-2015q4/bin/../lib/gcc/arm-none-eabi/5.2.1/../../../../arm-none-eabi/lib/armv7-m/libg_nano.a(lib_a-fflush.o)
 .ARM.attributes
                0x0000066e       0x2d /usr/local/gcc-arm-none-eabi-5_2-2015q4/bin/../lib/gcc/arm-none-eabi/5.2.1/../../../../arm-none-eabi/lib/armv7-m/libg_nano.a(lib_a-findfp.o)
 .ARM.attributes
                0x0000069b       0x2d /usr/local/gcc-arm-none-eabi-5_2-2015q4/bin/../lib/gcc/arm-none-eabi/5.2.1/../../../../arm-none-eabi/lib/armv7-m/libg_nano.a(lib_a-fwalk.o)
 .ARM.attributes
                0x000006c8       0x2d /usr/local/gcc-arm-none-eabi-5_2-2015q4/bin/../lib/gcc/arm-none-eabi/5.2.1/../../../../arm-none-eabi/lib/armv7-m/libg_nano.a(lib_a-makebuf.o)
 .ARM.attributes
                0x000006f5       0x2d /usr/local/gcc-arm-none-eabi-5_2-2015q4/bin/../lib/gcc/arm-none-eabi/5.2.1/../../../../arm-none-eabi/lib/armv7-m/libg_nano.a(lib_a-malloc.o)
 .ARM.attributes
                0x00000722       0x2d /usr/local/gcc-arm-none-eabi-5_2-2015q4/bin/../lib/gcc/arm-none-eabi/5.2.1/../../../../arm-none-eabi/lib/armv7-m/libg_nano.a(lib_a-nano-freer.o)
 .ARM.attributes
                0x0000074f       0x2d /usr/local/gcc-arm-none-eabi-5_2-2015q4/bin/../lib/gcc/arm-none-eabi/5.2.1/../../../../arm-none-eabi/lib/armv7-m/libg_nano.a(lib_a-nano-mallocr.o)
 .ARM.attributes
                0x0000077c       0x2d /usr/local/gcc-arm-none-eabi-5_2-2015q4/bin/../lib/gcc/arm-none-eabi/5.2.1/../../../../arm-none-eabi/lib/armv7-m/libg_nano.a(lib_a-nano-vfprintf.o)
 .ARM.attributes
                0x000007a9       0x2d /usr/local/gcc-arm-none-eabi-5_2-2015q4/bin/../lib/gcc/arm-none-eabi/5.2.1/../../../../arm-none-eabi/lib/armv7-m/libg_nano.a(lib_a-nano-vfprintf_i.o)
 .ARM.attributes
                0x000007d6       0x2d /usr/local/gcc-arm-none-eabi-5_2-2015q4/bin/../lib/gcc/arm-none-eabi/5.2.1/../../../../arm-none-eabi/lib/armv7-m/libg_nano.a(lib_a-sbrkr.o)
 .ARM.attributes
                0x00000803       0x2d /usr/local/gcc-arm-none-eabi-5_2-2015q4/bin/../lib/gcc/arm-none-eabi/5.2.1/../../../../arm-none-eabi/lib/armv7-m/libg_nano.a(lib_a-stdio.o)
 .ARM.attributes
                0x00000830       0x2d /usr/local/gcc-arm-none-eabi-5_2-2015q4/bin/../lib/gcc/arm-none-eabi/5.2.1/../../../../arm-none-eabi/lib/armv7-m/libg_nano.a(lib_a-writer.o)
 .ARM.attributes
                0x0000085d       0x2d /usr/local/gcc-arm-none-eabi-5_2-2015q4/bin/../lib/gcc/arm-none-eabi/5.2.1/../../../../arm-none-eabi/lib/armv7-m/libg_nano.a(lib_a-closer.o)
 .ARM.attributes
                0x0000088a       0x2d /usr/local/gcc-arm-none-eabi-5_2-2015q4/bin/../lib/gcc/arm-none-eabi/5.2.1/../../../../arm-none-eabi/lib/armv7-m/libg_nano.a(lib_a-fstatr.o)
 .ARM.attributes
                0x000008b7       0x2d /usr/local/gcc-arm-none-eabi-5_2-2015q4/bin/../lib/gcc/arm-none-eabi/5.2.1/../../../../arm-none-eabi/lib/armv7-m/libg_nano.a(lib_a-isattyr.o)
 .ARM.attributes
                0x000008e4       0x2d /usr/local/gcc-arm-none-eabi-5_2-2015q4/bin/../lib/gcc/arm-none-eabi/5.2.1/../../../../arm-none-eabi/lib/armv7-m/libg_nano.a(lib_a-lseekr.o)
 .ARM.attributes
                0x00000911       0x2d /usr/local/gcc-arm-none-eabi-5_2-2015q4/bin/../lib/gcc/arm-none-eabi/5.2.1/../../../../arm-none-eabi/lib/armv7-m/libg_nano.a(lib_a-memchr-stub.o)
 .ARM.attributes
                0x0000093e       0x2d /usr/local/gcc-arm-none-eabi-5_2-2015q4/bin/../lib/gcc/arm-none-eabi/5.2.1/../../../../arm-none-eabi/lib/armv7-m/libg_nano.a(lib_a-readr.o)
 .ARM.attributes
                0x0000096b       0x2d /usr/local/gcc-arm-none-eabi-5_2-2015q4/bin/../lib/gcc/arm-none-eabi/5.2.1/../../../../arm-none-eabi/lib/armv7-m/libg_nano.a(lib_a-reent.o)
 .ARM.attributes
                0x00000998       0x2d /usr/local/gcc-arm-none-eabi-5_2-2015q4/bin/../lib/gcc/arm-none-eabi/5.2.1/armv7-m/crtend.o
 .ARM.attributes
                0x000009c5       0x1d /usr/local/gcc-arm-none-eabi-5_2-2015q4/bin/../lib/gcc/arm-none-eabi/5.2.1/armv7-m/crtn.o

.comment        0x00000000       0x6e
 .comment       0x00000000       0x6e ./src/usart/usart.o
                                 0x6f (size before relaxing)
 .comment       0x0000006e       0x6f ./src/uart/uart.o
 .comment       0x0000006e       0x6f ./src/tc/tc.o
 .comment       0x0000006e       0x6f ./src/spi/spi.o
 .comment       0x0000006e       0x6f ./src/sam3s_OLIMEX/init.o
 .comment       0x0000006e       0x6f ./src/sam/utils/cmsis/sam3s/source/templates/gcc/startup_sam3s.o
 .comment       0x0000006e       0x6f ./src/sam/utils/cmsis/sam3s/source/templates/exceptions.o
 .comment       0x0000006e       0x6f ./src/sam/utils/cmsis/sam3s/source/templates/system_sam3s.o
 .comment       0x0000006e       0x6f ./src/sam/syscalls/gcc/syscalls.o
 .comment       0x0000006e       0x6f ./src/sam/services/flash_efc/flash_efc.o
 .comment       0x0000006e       0x6f ./src/sam/drivers/efc/efc.o
 .comment       0x0000006e       0x6f ./src/sam/components/display/ili93xx/ili93xx.o
 .comment       0x0000006e       0x6f ./src/pmc/pmc.o
 .comment       0x0000006e       0x6f ./src/pio/pio.o
 .comment       0x0000006e       0x6f ./src/pio/pio_handler.o
 .comment       0x0000006e       0x6f ./src/common/utils/stdio/read.o
 .comment       0x0000006e       0x6f ./src/common/utils/stdio/write.o
 .comment       0x0000006e       0x6f ./src/common/utils/interrupt/interrupt_sam_nvic.o
 .comment       0x0000006e       0x6f ./src/common/services/spi/sam_spi/spi_master.o
 .comment       0x0000006e       0x6f ./src/common/services/clock/sam3s/sysclk.o
 .comment       0x0000006e       0x6f ./src/main.o
 .comment       0x0000006e       0x6f ./src/mdelay.o

.debug_info     0x00000000    0x10974
 .debug_info    0x00000000     0x1527 ./src/usart/usart.o
 .debug_info    0x00001527      0x7dd ./src/uart/uart.o
 .debug_info    0x00001d04      0x8b9 ./src/tc/tc.o
 .debug_info    0x000025bd      0x85d ./src/spi/spi.o
 .debug_info    0x00002e1a      0x851 ./src/sam3s_OLIMEX/init.o
 .debug_info    0x0000366b      0x39a ./src/sam/utils/cmsis/sam3s/source/templates/gcc/startup_sam3s.o
 .debug_info    0x00003a05      0x11f ./src/sam/utils/cmsis/sam3s/source/templates/exceptions.o
 .debug_info    0x00003b24      0x476 ./src/sam/utils/cmsis/sam3s/source/templates/system_sam3s.o
 .debug_info    0x00003f9a      0x407 ./src/sam/syscalls/gcc/syscalls.o
 .debug_info    0x000043a1      0xf85 ./src/sam/services/flash_efc/flash_efc.o
 .debug_info    0x00005326      0x6dd ./src/sam/drivers/efc/efc.o
 .debug_info    0x00005a03     0x3ec6 ./src/sam/components/display/ili93xx/ili93xx.o
 .debug_info    0x000098c9      0xf4e ./src/pmc/pmc.o
 .debug_info    0x0000a817     0x1614 ./src/pio/pio.o
 .debug_info    0x0000be2b      0xebe ./src/pio/pio_handler.o
 .debug_info    0x0000cce9      0x1b4 ./src/common/utils/stdio/read.o
 .debug_info    0x0000ce9d      0x1b7 ./src/common/utils/stdio/write.o
 .debug_info    0x0000d054      0x1d8 ./src/common/utils/interrupt/interrupt_sam_nvic.o
 .debug_info    0x0000d22c      0xd0a ./src/common/services/spi/sam_spi/spi_master.o
 .debug_info    0x0000df36      0x38e ./src/common/services/clock/sam3s/sysclk.o
 .debug_info    0x0000e2c4     0x25d3 ./src/main.o
 .debug_info    0x00010897       0xdd ./src/mdelay.o

.debug_abbrev   0x00000000     0x29cc
 .debug_abbrev  0x00000000      0x269 ./src/usart/usart.o
 .debug_abbrev  0x00000269      0x1ae ./src/uart/uart.o
 .debug_abbrev  0x00000417      0x183 ./src/tc/tc.o
 .debug_abbrev  0x0000059a      0x26d ./src/spi/spi.o
 .debug_abbrev  0x00000807      0x198 ./src/sam3s_OLIMEX/init.o
 .debug_abbrev  0x0000099f      0x12c ./src/sam/utils/cmsis/sam3s/source/templates/gcc/startup_sam3s.o
 .debug_abbrev  0x00000acb       0x8d ./src/sam/utils/cmsis/sam3s/source/templates/exceptions.o
 .debug_abbrev  0x00000b58      0x122 ./src/sam/utils/cmsis/sam3s/source/templates/system_sam3s.o
 .debug_abbrev  0x00000c7a      0x162 ./src/sam/syscalls/gcc/syscalls.o
 .debug_abbrev  0x00000ddc      0x223 ./src/sam/services/flash_efc/flash_efc.o
 .debug_abbrev  0x00000fff      0x26f ./src/sam/drivers/efc/efc.o
 .debug_abbrev  0x0000126e      0x41f ./src/sam/components/display/ili93xx/ili93xx.o
 .debug_abbrev  0x0000168d      0x229 ./src/pmc/pmc.o
 .debug_abbrev  0x000018b6      0x211 ./src/pio/pio.o
 .debug_abbrev  0x00001ac7      0x2ca ./src/pio/pio_handler.o
 .debug_abbrev  0x00001d91       0xff ./src/common/utils/stdio/read.o
 .debug_abbrev  0x00001e90       0xf3 ./src/common/utils/stdio/write.o
 .debug_abbrev  0x00001f83       0xeb ./src/common/utils/interrupt/interrupt_sam_nvic.o
 .debug_abbrev  0x0000206e      0x2f1 ./src/common/services/spi/sam_spi/spi_master.o
 .debug_abbrev  0x0000235f      0x17d ./src/common/services/clock/sam3s/sysclk.o
 .debug_abbrev  0x000024dc      0x44e ./src/main.o
 .debug_abbrev  0x0000292a       0xa2 ./src/mdelay.o

.debug_loc      0x00000000     0x62c8
 .debug_loc     0x00000000      0xbd9 ./src/usart/usart.o
 .debug_loc     0x00000bd9      0x284 ./src/uart/uart.o
 .debug_loc     0x00000e5d      0x439 ./src/tc/tc.o
 .debug_loc     0x00001296      0x50d ./src/spi/spi.o
 .debug_loc     0x000017a3       0x28 ./src/sam3s_OLIMEX/init.o
 .debug_loc     0x000017cb       0x6e ./src/sam/utils/cmsis/sam3s/source/templates/gcc/startup_sam3s.o
 .debug_loc     0x00001839      0x10b ./src/sam/syscalls/gcc/syscalls.o
 .debug_loc     0x00001944      0x885 ./src/sam/services/flash_efc/flash_efc.o
 .debug_loc     0x000021c9      0x3f0 ./src/sam/drivers/efc/efc.o
 .debug_loc     0x000025b9     0x17db ./src/sam/components/display/ili93xx/ili93xx.o
 .debug_loc     0x00003d94      0x9d3 ./src/pmc/pmc.o
 .debug_loc     0x00004767      0xaad ./src/pio/pio.o
 .debug_loc     0x00005214      0x40f ./src/pio/pio_handler.o
 .debug_loc     0x00005623       0xb7 ./src/common/utils/stdio/read.o
 .debug_loc     0x000056da       0xcc ./src/common/utils/stdio/write.o
 .debug_loc     0x000057a6      0x6b6 ./src/common/services/spi/sam_spi/spi_master.o
 .debug_loc     0x00005e5c       0xa1 ./src/common/services/clock/sam3s/sysclk.o
 .debug_loc     0x00005efd      0x3cb ./src/main.o

.debug_aranges  0x00000000      0xdc8
 .debug_aranges
                0x00000000      0x238 ./src/usart/usart.o
 .debug_aranges
                0x00000238       0xe8 ./src/uart/uart.o
 .debug_aranges
                0x00000320       0xd0 ./src/tc/tc.o
 .debug_aranges
                0x000003f0       0x90 ./src/spi/spi.o
 .debug_aranges
                0x00000480       0x20 ./src/sam3s_OLIMEX/init.o
 .debug_aranges
                0x000004a0       0x20 ./src/sam/utils/cmsis/sam3s/source/templates/gcc/startup_sam3s.o
 .debug_aranges
                0x000004c0       0x20 ./src/sam/utils/cmsis/sam3s/source/templates/exceptions.o
 .debug_aranges
                0x000004e0       0x30 ./src/sam/utils/cmsis/sam3s/source/templates/system_sam3s.o
 .debug_aranges
                0x00000510       0x60 ./src/sam/syscalls/gcc/syscalls.o
 .debug_aranges
                0x00000570       0xc8 ./src/sam/services/flash_efc/flash_efc.o
 .debug_aranges
                0x00000638       0x80 ./src/sam/drivers/efc/efc.o
 .debug_aranges
                0x000006b8      0x1a0 ./src/sam/components/display/ili93xx/ili93xx.o
 .debug_aranges
                0x00000858      0x200 ./src/pmc/pmc.o
 .debug_aranges
                0x00000a58      0x1a8 ./src/pio/pio.o
 .debug_aranges
                0x00000c00       0x50 ./src/pio/pio_handler.o
 .debug_aranges
                0x00000c50       0x20 ./src/common/utils/stdio/read.o
 .debug_aranges
                0x00000c70       0x20 ./src/common/utils/stdio/write.o
 .debug_aranges
                0x00000c90       0x28 ./src/common/utils/interrupt/interrupt_sam_nvic.o
 .debug_aranges
                0x00000cb8       0x50 ./src/common/services/spi/sam_spi/spi_master.o
 .debug_aranges
                0x00000d08       0x30 ./src/common/services/clock/sam3s/sysclk.o
 .debug_aranges
                0x00000d38       0x68 ./src/main.o
 .debug_aranges
                0x00000da0       0x28 ./src/mdelay.o

.debug_ranges   0x00000000      0xc68
 .debug_ranges  0x00000000      0x228 ./src/usart/usart.o
 .debug_ranges  0x00000228       0xd8 ./src/uart/uart.o
 .debug_ranges  0x00000300       0xc0 ./src/tc/tc.o
 .debug_ranges  0x000003c0       0x80 ./src/spi/spi.o
 .debug_ranges  0x00000440       0x10 ./src/sam3s_OLIMEX/init.o
 .debug_ranges  0x00000450       0x10 ./src/sam/utils/cmsis/sam3s/source/templates/gcc/startup_sam3s.o
 .debug_ranges  0x00000460       0x10 ./src/sam/utils/cmsis/sam3s/source/templates/exceptions.o
 .debug_ranges  0x00000470       0x20 ./src/sam/utils/cmsis/sam3s/source/templates/system_sam3s.o
 .debug_ranges  0x00000490       0x50 ./src/sam/syscalls/gcc/syscalls.o
 .debug_ranges  0x000004e0       0xb8 ./src/sam/services/flash_efc/flash_efc.o
 .debug_ranges  0x00000598       0x70 ./src/sam/drivers/efc/efc.o
 .debug_ranges  0x00000608      0x190 ./src/sam/components/display/ili93xx/ili93xx.o
 .debug_ranges  0x00000798      0x1f0 ./src/pmc/pmc.o
 .debug_ranges  0x00000988      0x198 ./src/pio/pio.o
 .debug_ranges  0x00000b20       0x40 ./src/pio/pio_handler.o
 .debug_ranges  0x00000b60       0x10 ./src/common/utils/stdio/read.o
 .debug_ranges  0x00000b70       0x10 ./src/common/utils/stdio/write.o
 .debug_ranges  0x00000b80       0x18 ./src/common/utils/interrupt/interrupt_sam_nvic.o
 .debug_ranges  0x00000b98       0x40 ./src/common/services/spi/sam_spi/spi_master.o
 .debug_ranges  0x00000bd8       0x20 ./src/common/services/clock/sam3s/sysclk.o
 .debug_ranges  0x00000bf8       0x58 ./src/main.o
 .debug_ranges  0x00000c50       0x18 ./src/mdelay.o

.debug_macro    0x00000000    0x15c2a
 .debug_macro   0x00000000      0x4de ./src/usart/usart.o
 .debug_macro   0x000004de      0x88c ./src/usart/usart.o
 .debug_macro   0x00000d6a      0x174 ./src/usart/usart.o
 .debug_macro   0x00000ede      0x644 ./src/usart/usart.o
 .debug_macro   0x00001522       0x76 ./src/usart/usart.o
 .debug_macro   0x00001598       0x16 ./src/usart/usart.o
 .debug_macro   0x000015ae      0x6e4 ./src/usart/usart.o
 .debug_macro   0x00001c92       0x22 ./src/usart/usart.o
 .debug_macro   0x00001cb4       0x44 ./src/usart/usart.o
 .debug_macro   0x00001cf8       0xfd ./src/usart/usart.o
 .debug_macro   0x00001df5       0x22 ./src/usart/usart.o
 .debug_macro   0x00001e17      0x1df ./src/usart/usart.o
 .debug_macro   0x00001ff6       0x20 ./src/usart/usart.o
 .debug_macro   0x00002016       0x3a ./src/usart/usart.o
 .debug_macro   0x00002050       0x2d ./src/usart/usart.o
 .debug_macro   0x0000207d      0xbb1 ./src/usart/usart.o
 .debug_macro   0x00002c2e      0x159 ./src/usart/usart.o
 .debug_macro   0x00002d87      0xaa1 ./src/usart/usart.o
 .debug_macro   0x00003828      0x2b5 ./src/usart/usart.o
 .debug_macro   0x00003add       0xac ./src/usart/usart.o
 .debug_macro   0x00003b89      0x31a ./src/usart/usart.o
 .debug_macro   0x00003ea3       0x82 ./src/usart/usart.o
 .debug_macro   0x00003f25       0x1c ./src/usart/usart.o
 .debug_macro   0x00003f41      0x769 ./src/usart/usart.o
 .debug_macro   0x000046aa      0x2d2 ./src/usart/usart.o
 .debug_macro   0x0000497c       0xbe ./src/usart/usart.o
 .debug_macro   0x00004a3a     0x280b ./src/usart/usart.o
 .debug_macro   0x00007245      0x793 ./src/usart/usart.o
 .debug_macro   0x000079d8      0xa80 ./src/usart/usart.o
 .debug_macro   0x00008458       0x7c ./src/usart/usart.o
 .debug_macro   0x000084d4      0x245 ./src/usart/usart.o
 .debug_macro   0x00008719       0x58 ./src/usart/usart.o
 .debug_macro   0x00008771      0x394 ./src/usart/usart.o
 .debug_macro   0x00008b05      0x62b ./src/usart/usart.o
 .debug_macro   0x00009130      0x64a ./src/usart/usart.o
 .debug_macro   0x0000977a      0x59f ./src/usart/usart.o
 .debug_macro   0x00009d19      0x34d ./src/usart/usart.o
 .debug_macro   0x0000a066      0x28c ./src/usart/usart.o
 .debug_macro   0x0000a2f2      0x2d6 ./src/usart/usart.o
 .debug_macro   0x0000a5c8      0x6d2 ./src/usart/usart.o
 .debug_macro   0x0000ac9a       0x76 ./src/usart/usart.o
 .debug_macro   0x0000ad10       0xb8 ./src/usart/usart.o
 .debug_macro   0x0000adc8       0xb2 ./src/usart/usart.o
 .debug_macro   0x0000ae7a       0x88 ./src/usart/usart.o
 .debug_macro   0x0000af02      0x105 ./src/usart/usart.o
 .debug_macro   0x0000b007       0x88 ./src/usart/usart.o
 .debug_macro   0x0000b08f       0x88 ./src/usart/usart.o
 .debug_macro   0x0000b117      0x2cd ./src/usart/usart.o
 .debug_macro   0x0000b3e4       0xb2 ./src/usart/usart.o
 .debug_macro   0x0000b496       0xb2 ./src/usart/usart.o
 .debug_macro   0x0000b548       0x52 ./src/usart/usart.o
 .debug_macro   0x0000b59a       0xac ./src/usart/usart.o
 .debug_macro   0x0000b646       0x7c ./src/usart/usart.o
 .debug_macro   0x0000b6c2       0x40 ./src/usart/usart.o
 .debug_macro   0x0000b702       0x64 ./src/usart/usart.o
 .debug_macro   0x0000b766       0x4c ./src/usart/usart.o
 .debug_macro   0x0000b7b2       0xa6 ./src/usart/usart.o
 .debug_macro   0x0000b858       0x7c ./src/usart/usart.o
 .debug_macro   0x0000b8d4       0x16 ./src/usart/usart.o
 .debug_macro   0x0000b8ea       0x7c ./src/usart/usart.o
 .debug_macro   0x0000b966       0x22 ./src/usart/usart.o
 .debug_macro   0x0000b988      0x195 ./src/usart/usart.o
 .debug_macro   0x0000bb1d      0x165 ./src/usart/usart.o
 .debug_macro   0x0000bc82       0x1c ./src/usart/usart.o
 .debug_macro   0x0000bc9e       0x2e ./src/usart/usart.o
 .debug_macro   0x0000bccc       0x22 ./src/usart/usart.o
 .debug_macro   0x0000bcee       0x1c ./src/usart/usart.o
 .debug_macro   0x0000bd0a       0x52 ./src/usart/usart.o
 .debug_macro   0x0000bd5c       0x10 ./src/usart/usart.o
 .debug_macro   0x0000bd6c      0x1e0 ./src/usart/usart.o
 .debug_macro   0x0000bf4c      0x5f3 ./src/usart/usart.o
 .debug_macro   0x0000c53f       0xc1 ./src/usart/usart.o
 .debug_macro   0x0000c600       0x58 ./src/usart/usart.o
 .debug_macro   0x0000c658       0x35 ./src/usart/usart.o
 .debug_macro   0x0000c68d       0x9c ./src/usart/usart.o
 .debug_macro   0x0000c729       0x16 ./src/usart/usart.o
 .debug_macro   0x0000c73f       0x35 ./src/usart/usart.o
 .debug_macro   0x0000c774      0x329 ./src/usart/usart.o
 .debug_macro   0x0000ca9d       0x10 ./src/usart/usart.o
 .debug_macro   0x0000caad       0x52 ./src/usart/usart.o
 .debug_macro   0x0000caff       0x16 ./src/usart/usart.o
 .debug_macro   0x0000cb15       0x43 ./src/usart/usart.o
 .debug_macro   0x0000cb58      0x187 ./src/usart/usart.o
 .debug_macro   0x0000ccdf       0x10 ./src/usart/usart.o
 .debug_macro   0x0000ccef       0x22 ./src/usart/usart.o
 .debug_macro   0x0000cd11       0x3a ./src/usart/usart.o
 .debug_macro   0x0000cd4b       0x10 ./src/usart/usart.o
 .debug_macro   0x0000cd5b       0x40 ./src/usart/usart.o
 .debug_macro   0x0000cd9b       0x65 ./src/usart/usart.o
 .debug_macro   0x0000ce00       0x16 ./src/usart/usart.o
 .debug_macro   0x0000ce16      0x197 ./src/usart/usart.o
 .debug_macro   0x0000cfad       0x22 ./src/usart/usart.o
 .debug_macro   0x0000cfcf       0x16 ./src/usart/usart.o
 .debug_macro   0x0000cfe5       0x16 ./src/usart/usart.o
 .debug_macro   0x0000cffb       0x29 ./src/usart/usart.o
 .debug_macro   0x0000d024       0x75 ./src/usart/usart.o
 .debug_macro   0x0000d099       0x45 ./src/usart/usart.o
 .debug_macro   0x0000d0de      0x3ca ./src/usart/usart.o
 .debug_macro   0x0000d4a8       0x28 ./src/usart/usart.o
 .debug_macro   0x0000d4d0      0x4a2 ./src/uart/uart.o
 .debug_macro   0x0000d972       0x16 ./src/uart/uart.o
 .debug_macro   0x0000d988      0x4af ./src/tc/tc.o
 .debug_macro   0x0000de37       0x1c ./src/tc/tc.o
 .debug_macro   0x0000de53       0x4a ./src/tc/tc.o
 .debug_macro   0x0000de9d       0x1c ./src/tc/tc.o
 .debug_macro   0x0000deb9      0x516 ./src/spi/spi.o
 .debug_macro   0x0000e3cf       0x10 ./src/spi/spi.o
 .debug_macro   0x0000e3df       0x28 ./src/spi/spi.o
 .debug_macro   0x0000e407      0x2b1 ./src/spi/spi.o
 .debug_macro   0x0000e6b8      0xa2f ./src/spi/spi.o
 .debug_macro   0x0000f0e7       0x5e ./src/spi/spi.o
 .debug_macro   0x0000f145       0x64 ./src/spi/spi.o
 .debug_macro   0x0000f1a9       0x46 ./src/spi/spi.o
 .debug_macro   0x0000f1ef       0x90 ./src/spi/spi.o
 .debug_macro   0x0000f27f      0x550 ./src/sam3s_OLIMEX/init.o
 .debug_macro   0x0000f7cf      0x2ab ./src/sam3s_OLIMEX/init.o
 .debug_macro   0x0000fa7a       0x22 ./src/sam3s_OLIMEX/init.o
 .debug_macro   0x0000fa9c       0x94 ./src/sam3s_OLIMEX/init.o
 .debug_macro   0x0000fb30       0x40 ./src/sam3s_OLIMEX/init.o
 .debug_macro   0x0000fb70       0x82 ./src/sam3s_OLIMEX/init.o
 .debug_macro   0x0000fbf2      0x4bd ./src/sam/utils/cmsis/sam3s/source/templates/gcc/startup_sam3s.o
 .debug_macro   0x000100af       0x3f ./src/sam/utils/cmsis/sam3s/source/templates/gcc/startup_sam3s.o
 .debug_macro   0x000100ee      0x4a7 ./src/sam/utils/cmsis/sam3s/source/templates/exceptions.o
 .debug_macro   0x00010595      0x4b3 ./src/sam/utils/cmsis/sam3s/source/templates/system_sam3s.o
 .debug_macro   0x00010a48       0x26 ./src/sam/utils/cmsis/sam3s/source/templates/system_sam3s.o
 .debug_macro   0x00010a6e      0x18c ./src/sam/syscalls/gcc/syscalls.o
 .debug_macro   0x00010bfa       0x97 ./src/sam/syscalls/gcc/syscalls.o
 .debug_macro   0x00010c91       0xfd ./src/sam/syscalls/gcc/syscalls.o
 .debug_macro   0x00010d8e       0x52 ./src/sam/syscalls/gcc/syscalls.o
 .debug_macro   0x00010de0       0x16 ./src/sam/syscalls/gcc/syscalls.o
 .debug_macro   0x00010df6       0x10 ./src/sam/syscalls/gcc/syscalls.o
 .debug_macro   0x00010e06       0x41 ./src/sam/syscalls/gcc/syscalls.o
 .debug_macro   0x00010e47      0x122 ./src/sam/syscalls/gcc/syscalls.o
 .debug_macro   0x00010f69      0x53a ./src/sam/services/flash_efc/flash_efc.o
 .debug_macro   0x000114a3       0x10 ./src/sam/services/flash_efc/flash_efc.o
 .debug_macro   0x000114b3       0x76 ./src/sam/services/flash_efc/flash_efc.o
 .debug_macro   0x00011529       0x10 ./src/sam/services/flash_efc/flash_efc.o
 .debug_macro   0x00011539      0x4ba ./src/sam/drivers/efc/efc.o
 .debug_macro   0x000119f3       0x70 ./src/sam/drivers/efc/efc.o
 .debug_macro   0x00011a63      0x676 ./src/sam/components/display/ili93xx/ili93xx.o
 .debug_macro   0x000120d9      0x155 ./src/sam/components/display/ili93xx/ili93xx.o
 .debug_macro   0x0001222e      0x294 ./src/sam/components/display/ili93xx/ili93xx.o
 .debug_macro   0x000124c2      0x7ed ./src/sam/components/display/ili93xx/ili93xx.o
 .debug_macro   0x00012caf       0x16 ./src/sam/components/display/ili93xx/ili93xx.o
 .debug_macro   0x00012cc5       0x28 ./src/sam/components/display/ili93xx/ili93xx.o
 .debug_macro   0x00012ced       0x2e ./src/sam/components/display/ili93xx/ili93xx.o
 .debug_macro   0x00012d1b       0x88 ./src/sam/components/display/ili93xx/ili93xx.o
 .debug_macro   0x00012da3       0x34 ./src/sam/components/display/ili93xx/ili93xx.o
 .debug_macro   0x00012dd7       0x1c ./src/sam/components/display/ili93xx/ili93xx.o
 .debug_macro   0x00012df3       0x2e ./src/sam/components/display/ili93xx/ili93xx.o
 .debug_macro   0x00012e21       0x1c ./src/sam/components/display/ili93xx/ili93xx.o
 .debug_macro   0x00012e3d      0x4a8 ./src/pmc/pmc.o
 .debug_macro   0x000132e5       0x58 ./src/pmc/pmc.o
 .debug_macro   0x0001333d      0x4ae ./src/pio/pio.o
 .debug_macro   0x000137eb       0x8e ./src/pio/pio.o
 .debug_macro   0x00013879      0x4b2 ./src/pio/pio_handler.o
 .debug_macro   0x00013d2b      0x493 ./src/common/utils/stdio/read.o
 .debug_macro   0x000141be      0x493 ./src/common/utils/stdio/write.o
 .debug_macro   0x00014651      0x49d ./src/common/utils/interrupt/interrupt_sam_nvic.o
 .debug_macro   0x00014aee      0x54e ./src/common/services/spi/sam_spi/spi_master.o
 .debug_macro   0x0001503c      0x507 ./src/common/services/clock/sam3s/sysclk.o
 .debug_macro   0x00015543      0x673 ./src/main.o
 .debug_macro   0x00015bb6       0x16 ./src/main.o
 .debug_macro   0x00015bcc       0x5e ./src/mdelay.o

.debug_line     0x00000000     0xe5ba
 .debug_line    0x00000000      0xe75 ./src/usart/usart.o
 .debug_line    0x00000e75      0xa7f ./src/uart/uart.o
 .debug_line    0x000018f4      0xa5f ./src/tc/tc.o
 .debug_line    0x00002353      0xb00 ./src/spi/spi.o
 .debug_line    0x00002e53      0xa7d ./src/sam3s_OLIMEX/init.o
 .debug_line    0x000038d0      0x8f9 ./src/sam/utils/cmsis/sam3s/source/templates/gcc/startup_sam3s.o
 .debug_line    0x000041c9      0x8df ./src/sam/utils/cmsis/sam3s/source/templates/exceptions.o
 .debug_line    0x00004aa8      0x92f ./src/sam/utils/cmsis/sam3s/source/templates/system_sam3s.o
 .debug_line    0x000053d7      0x331 ./src/sam/syscalls/gcc/syscalls.o
 .debug_line    0x00005708      0xc61 ./src/sam/services/flash_efc/flash_efc.o
 .debug_line    0x00006369      0x9f9 ./src/sam/drivers/efc/efc.o
 .debug_line    0x00006d62     0x13c4 ./src/sam/components/display/ili93xx/ili93xx.o
 .debug_line    0x00008126      0xe61 ./src/pmc/pmc.o
 .debug_line    0x00008f87      0xcf6 ./src/pio/pio.o
 .debug_line    0x00009c7d      0x969 ./src/pio/pio_handler.o
 .debug_line    0x0000a5e6      0x8d6 ./src/common/utils/stdio/read.o
 .debug_line    0x0000aebc      0x8ca ./src/common/utils/stdio/write.o
 .debug_line    0x0000b786      0x90e ./src/common/utils/interrupt/interrupt_sam_nvic.o
 .debug_line    0x0000c094      0xb79 ./src/common/services/spi/sam_spi/spi_master.o
 .debug_line    0x0000cc0d      0xa09 ./src/common/services/clock/sam3s/sysclk.o
 .debug_line    0x0000d616      0xddc ./src/main.o
 .debug_line    0x0000e3f2      0x1c8 ./src/mdelay.o

.debug_str      0x00000000    0x54db4
 .debug_str     0x00000000    0x4553c ./src/usart/usart.o
                              0x458c2 (size before relaxing)
 .debug_str     0x0004553c      0x330 ./src/uart/uart.o
                              0x4524e (size before relaxing)
 .debug_str     0x0004586c      0x3b9 ./src/tc/tc.o
                              0x4524e (size before relaxing)
 .debug_str     0x00045c25     0x4c52 ./src/spi/spi.o
                              0x49b55 (size before relaxing)
 .debug_str     0x0004a877      0xbef ./src/sam3s_OLIMEX/init.o
                              0x4a2d7 (size before relaxing)
 .debug_str     0x0004b466      0x13a ./src/sam/utils/cmsis/sam3s/source/templates/gcc/startup_sam3s.o
                              0x44f9a (size before relaxing)
 .debug_str     0x0004b5a0       0x49 ./src/sam/utils/cmsis/sam3s/source/templates/exceptions.o
                              0x44eae (size before relaxing)
 .debug_str     0x0004b5e9      0x2dc ./src/sam/utils/cmsis/sam3s/source/templates/system_sam3s.o
                              0x4518c (size before relaxing)
 .debug_str     0x0004b8c5      0x745 ./src/sam/syscalls/gcc/syscalls.o
                               0x68db (size before relaxing)
 .debug_str     0x0004c00a      0x754 ./src/sam/services/flash_efc/flash_efc.o
                              0x49ed0 (size before relaxing)
 .debug_str     0x0004c75e      0x207 ./src/sam/drivers/efc/efc.o
                              0x45309 (size before relaxing)
 .debug_str     0x0004c965     0x7016 ./src/sam/components/display/ili93xx/ili93xx.o
                              0x515c4 (size before relaxing)
 .debug_str     0x0005397b      0x62b ./src/pmc/pmc.o
                              0x458bc (size before relaxing)
 .debug_str     0x00053fa6      0x4f7 ./src/pio/pio.o
                              0x45adf (size before relaxing)
 .debug_str     0x0005449d      0x137 ./src/pio/pio_handler.o
                              0x4598c (size before relaxing)
 .debug_str     0x000545d4       0x28 ./src/common/utils/stdio/read.o
                              0x44e94 (size before relaxing)
 .debug_str     0x000545fc       0x22 ./src/common/utils/stdio/write.o
                              0x44e96 (size before relaxing)
 .debug_str     0x0005461e       0x61 ./src/common/utils/interrupt/interrupt_sam_nvic.o
                              0x44ee5 (size before relaxing)
 .debug_str     0x0005467f      0x218 ./src/common/services/spi/sam_spi/spi_master.o
                              0x49f07 (size before relaxing)
 .debug_str     0x00054897       0x8e ./src/common/services/clock/sam3s/sysclk.o
                              0x49819 (size before relaxing)
 .debug_str     0x00054925      0x447 ./src/main.o
                              0x4bc77 (size before relaxing)
 .debug_str     0x00054d6c       0x48 ./src/mdelay.o
                               0x31b0 (size before relaxing)

.debug_frame    0x00000000     0x2a30
 .debug_frame   0x00000000      0x52c ./src/usart/usart.o
 .debug_frame   0x0000052c      0x1bc ./src/uart/uart.o
 .debug_frame   0x000006e8      0x1a8 ./src/tc/tc.o
 .debug_frame   0x00000890      0x158 ./src/spi/spi.o
 .debug_frame   0x000009e8       0x2c ./src/sam3s_OLIMEX/init.o
 .debug_frame   0x00000a14       0x2c ./src/sam/utils/cmsis/sam3s/source/templates/gcc/startup_sam3s.o
 .debug_frame   0x00000a40       0x20 ./src/sam/utils/cmsis/sam3s/source/templates/exceptions.o
 .debug_frame   0x00000a60       0x40 ./src/sam/utils/cmsis/sam3s/source/templates/system_sam3s.o
 .debug_frame   0x00000aa0       0xac ./src/sam/syscalls/gcc/syscalls.o
 .debug_frame   0x00000b4c      0x2cc ./src/sam/services/flash_efc/flash_efc.o
 .debug_frame   0x00000e18      0x150 ./src/sam/drivers/efc/efc.o
 .debug_frame   0x00000f68      0x678 ./src/sam/components/display/ili93xx/ili93xx.o
 .debug_frame   0x000015e0      0x418 ./src/pmc/pmc.o
 .debug_frame   0x000019f8      0x404 ./src/pio/pio.o
 .debug_frame   0x00001dfc       0xfc ./src/pio/pio_handler.o
 .debug_frame   0x00001ef8       0x3c ./src/common/utils/stdio/read.o
 .debug_frame   0x00001f34       0x4c ./src/common/utils/stdio/write.o
 .debug_frame   0x00001f80       0x30 ./src/common/utils/interrupt/interrupt_sam_nvic.o
 .debug_frame   0x00001fb0      0x100 ./src/common/services/spi/sam_spi/spi_master.o
 .debug_frame   0x000020b0       0x64 ./src/common/services/clock/sam3s/sysclk.o
 .debug_frame   0x00002114      0x154 ./src/main.o
 .debug_frame   0x00002268       0x30 ./src/mdelay.o
 .debug_frame   0x00002298       0x2c /usr/local/gcc-arm-none-eabi-5_2-2015q4/bin/../lib/gcc/arm-none-eabi/5.2.1/../../../../arm-none-eabi/lib/armv7-m/libg_nano.a(lib_a-init.o)
 .debug_frame   0x000022c4       0x20 /usr/local/gcc-arm-none-eabi-5_2-2015q4/bin/../lib/gcc/arm-none-eabi/5.2.1/../../../../arm-none-eabi/lib/armv7-m/libg_nano.a(lib_a-memset.o)
 .debug_frame   0x000022e4       0x74 /usr/local/gcc-arm-none-eabi-5_2-2015q4/bin/../lib/gcc/arm-none-eabi/5.2.1/../../../../arm-none-eabi/lib/armv7-m/libg_nano.a(lib_a-printf.o)
 .debug_frame   0x00002358       0x3c /usr/local/gcc-arm-none-eabi-5_2-2015q4/bin/../lib/gcc/arm-none-eabi/5.2.1/../../../../arm-none-eabi/lib/armv7-m/libg_nano.a(lib_a-puts.o)
 .debug_frame   0x00002394       0x20 /usr/local/gcc-arm-none-eabi-5_2-2015q4/bin/../lib/gcc/arm-none-eabi/5.2.1/../../../../arm-none-eabi/lib/armv7-m/libg_nano.a(lib_a-setbuf.o)
 .debug_frame   0x000023b4       0x30 /usr/local/gcc-arm-none-eabi-5_2-2015q4/bin/../lib/gcc/arm-none-eabi/5.2.1/../../../../arm-none-eabi/lib/armv7-m/libg_nano.a(lib_a-setvbuf.o)
 .debug_frame   0x000023e4       0x40 /usr/local/gcc-arm-none-eabi-5_2-2015q4/bin/../lib/gcc/arm-none-eabi/5.2.1/../../../../arm-none-eabi/lib/armv7-m/libg_nano.a(lib_a-wbuf.o)
 .debug_frame   0x00002424       0x2c /usr/local/gcc-arm-none-eabi-5_2-2015q4/bin/../lib/gcc/arm-none-eabi/5.2.1/../../../../arm-none-eabi/lib/armv7-m/libg_nano.a(lib_a-wsetup.o)
 .debug_frame   0x00002450       0x68 /usr/local/gcc-arm-none-eabi-5_2-2015q4/bin/../lib/gcc/arm-none-eabi/5.2.1/../../../../arm-none-eabi/lib/armv7-m/libg_nano.a(lib_a-fflush.o)
 .debug_frame   0x000024b8      0x11c /usr/local/gcc-arm-none-eabi-5_2-2015q4/bin/../lib/gcc/arm-none-eabi/5.2.1/../../../../arm-none-eabi/lib/armv7-m/libg_nano.a(lib_a-findfp.o)
 .debug_frame   0x000025d4       0x54 /usr/local/gcc-arm-none-eabi-5_2-2015q4/bin/../lib/gcc/arm-none-eabi/5.2.1/../../../../arm-none-eabi/lib/armv7-m/libg_nano.a(lib_a-fwalk.o)
 .debug_frame   0x00002628       0x34 /usr/local/gcc-arm-none-eabi-5_2-2015q4/bin/../lib/gcc/arm-none-eabi/5.2.1/../../../../arm-none-eabi/lib/armv7-m/libg_nano.a(lib_a-makebuf.o)
 .debug_frame   0x0000265c       0x30 /usr/local/gcc-arm-none-eabi-5_2-2015q4/bin/../lib/gcc/arm-none-eabi/5.2.1/../../../../arm-none-eabi/lib/armv7-m/libg_nano.a(lib_a-malloc.o)
 .debug_frame   0x0000268c       0x2c /usr/local/gcc-arm-none-eabi-5_2-2015q4/bin/../lib/gcc/arm-none-eabi/5.2.1/../../../../arm-none-eabi/lib/armv7-m/libg_nano.a(lib_a-nano-freer.o)
 .debug_frame   0x000026b8       0x2c /usr/local/gcc-arm-none-eabi-5_2-2015q4/bin/../lib/gcc/arm-none-eabi/5.2.1/../../../../arm-none-eabi/lib/armv7-m/libg_nano.a(lib_a-nano-mallocr.o)
 .debug_frame   0x000026e4       0xac /usr/local/gcc-arm-none-eabi-5_2-2015q4/bin/../lib/gcc/arm-none-eabi/5.2.1/../../../../arm-none-eabi/lib/armv7-m/libg_nano.a(lib_a-nano-vfprintf.o)
 .debug_frame   0x00002790       0x60 /usr/local/gcc-arm-none-eabi-5_2-2015q4/bin/../lib/gcc/arm-none-eabi/5.2.1/../../../../arm-none-eabi/lib/armv7-m/libg_nano.a(lib_a-nano-vfprintf_i.o)
 .debug_frame   0x000027f0       0x2c /usr/local/gcc-arm-none-eabi-5_2-2015q4/bin/../lib/gcc/arm-none-eabi/5.2.1/../../../../arm-none-eabi/lib/armv7-m/libg_nano.a(lib_a-sbrkr.o)
 .debug_frame   0x0000281c       0x88 /usr/local/gcc-arm-none-eabi-5_2-2015q4/bin/../lib/gcc/arm-none-eabi/5.2.1/../../../../arm-none-eabi/lib/armv7-m/libg_nano.a(lib_a-stdio.o)
 .debug_frame   0x000028a4       0x2c /usr/local/gcc-arm-none-eabi-5_2-2015q4/bin/../lib/gcc/arm-none-eabi/5.2.1/../../../../arm-none-eabi/lib/armv7-m/libg_nano.a(lib_a-writer.o)
 .debug_frame   0x000028d0       0x2c /usr/local/gcc-arm-none-eabi-5_2-2015q4/bin/../lib/gcc/arm-none-eabi/5.2.1/../../../../arm-none-eabi/lib/armv7-m/libg_nano.a(lib_a-closer.o)
 .debug_frame   0x000028fc       0x2c /usr/local/gcc-arm-none-eabi-5_2-2015q4/bin/../lib/gcc/arm-none-eabi/5.2.1/../../../../arm-none-eabi/lib/armv7-m/libg_nano.a(lib_a-fstatr.o)
 .debug_frame   0x00002928       0x2c /usr/local/gcc-arm-none-eabi-5_2-2015q4/bin/../lib/gcc/arm-none-eabi/5.2.1/../../../../arm-none-eabi/lib/armv7-m/libg_nano.a(lib_a-isattyr.o)
 .debug_frame   0x00002954       0x2c /usr/local/gcc-arm-none-eabi-5_2-2015q4/bin/../lib/gcc/arm-none-eabi/5.2.1/../../../../arm-none-eabi/lib/armv7-m/libg_nano.a(lib_a-lseekr.o)
 .debug_frame   0x00002980       0x28 /usr/local/gcc-arm-none-eabi-5_2-2015q4/bin/../lib/gcc/arm-none-eabi/5.2.1/../../../../arm-none-eabi/lib/armv7-m/libg_nano.a(lib_a-memchr-stub.o)
 .debug_frame   0x000029a8       0x2c /usr/local/gcc-arm-none-eabi-5_2-2015q4/bin/../lib/gcc/arm-none-eabi/5.2.1/../../../../arm-none-eabi/lib/armv7-m/libg_nano.a(lib_a-readr.o)
 .debug_frame   0x000029d4       0x5c /usr/local/gcc-arm-none-eabi-5_2-2015q4/bin/../lib/gcc/arm-none-eabi/5.2.1/../../../../arm-none-eabi/lib/armv7-m/libg_nano.a(lib_a-reent.o)

Cross Reference Table

Symbol                                            File
ACC_Handler                                       ./src/sam/utils/cmsis/sam3s/source/templates/exceptions.o
                                                  ./src/sam/utils/cmsis/sam3s/source/templates/gcc/startup_sam3s.o
ADC_Handler                                       ./src/sam/utils/cmsis/sam3s/source/templates/exceptions.o
                                                  ./src/sam/utils/cmsis/sam3s/source/templates/gcc/startup_sam3s.o
BusFault_Handler                                  ./src/sam/utils/cmsis/sam3s/source/templates/exceptions.o
                                                  ./src/sam/utils/cmsis/sam3s/source/templates/gcc/startup_sam3s.o
CRCCU_Handler                                     ./src/sam/utils/cmsis/sam3s/source/templates/exceptions.o
                                                  ./src/sam/utils/cmsis/sam3s/source/templates/gcc/startup_sam3s.o
DACC_Handler                                      ./src/sam/utils/cmsis/sam3s/source/templates/exceptions.o
                                                  ./src/sam/utils/cmsis/sam3s/source/templates/gcc/startup_sam3s.o
DebugMon_Handler                                  ./src/sam/utils/cmsis/sam3s/source/templates/exceptions.o
                                                  ./src/sam/utils/cmsis/sam3s/source/templates/gcc/startup_sam3s.o
Dummy_Handler                                     ./src/sam/utils/cmsis/sam3s/source/templates/exceptions.o
                                                  ./src/sam/utils/cmsis/sam3s/source/templates/gcc/startup_sam3s.o
EFC_Handler                                       ./src/sam/utils/cmsis/sam3s/source/templates/exceptions.o
                                                  ./src/sam/utils/cmsis/sam3s/source/templates/gcc/startup_sam3s.o
HSMCI_Handler                                     ./src/sam/utils/cmsis/sam3s/source/templates/exceptions.o
                                                  ./src/sam/utils/cmsis/sam3s/source/templates/gcc/startup_sam3s.o
HardFault_Handler                                 ./src/sam/utils/cmsis/sam3s/source/templates/exceptions.o
                                                  ./src/sam/utils/cmsis/sam3s/source/templates/gcc/startup_sam3s.o
LCD_IR                                            ./src/sam/components/display/ili93xx/ili93xx.o
LCD_RD                                            ./src/sam/components/display/ili93xx/ili93xx.o
LCD_WD                                            ./src/sam/components/display/ili93xx/ili93xx.o
MemManage_Handler                                 ./src/sam/utils/cmsis/sam3s/source/templates/exceptions.o
                                                  ./src/sam/utils/cmsis/sam3s/source/templates/gcc/startup_sam3s.o
NMI_Handler                                       ./src/sam/utils/cmsis/sam3s/source/templates/exceptions.o
                                                  ./src/sam/utils/cmsis/sam3s/source/templates/gcc/startup_sam3s.o
PIOA_Handler                                      ./src/pio/pio_handler.o
                                                  ./src/sam/utils/cmsis/sam3s/source/templates/exceptions.o
                                                  ./src/sam/utils/cmsis/sam3s/source/templates/gcc/startup_sam3s.o
PIOB_Handler                                      ./src/pio/pio_handler.o
                                                  ./src/sam/utils/cmsis/sam3s/source/templates/exceptions.o
                                                  ./src/sam/utils/cmsis/sam3s/source/templates/gcc/startup_sam3s.o
PMC_Handler                                       ./src/sam/utils/cmsis/sam3s/source/templates/exceptions.o
                                                  ./src/sam/utils/cmsis/sam3s/source/templates/gcc/startup_sam3s.o
PWM_Handler                                       ./src/sam/utils/cmsis/sam3s/source/templates/exceptions.o
                                                  ./src/sam/utils/cmsis/sam3s/source/templates/gcc/startup_sam3s.o
PendSV_Handler                                    ./src/sam/utils/cmsis/sam3s/source/templates/exceptions.o
                                                  ./src/sam/utils/cmsis/sam3s/source/templates/gcc/startup_sam3s.o
RSTC_Handler                                      ./src/sam/utils/cmsis/sam3s/source/templates/exceptions.o
                                                  ./src/sam/utils/cmsis/sam3s/source/templates/gcc/startup_sam3s.o
RTC_Handler                                       ./src/sam/utils/cmsis/sam3s/source/templates/exceptions.o
                                                  ./src/sam/utils/cmsis/sam3s/source/templates/gcc/startup_sam3s.o
RTT_Handler                                       ./src/sam/utils/cmsis/sam3s/source/templates/exceptions.o
                                                  ./src/sam/utils/cmsis/sam3s/source/templates/gcc/startup_sam3s.o
Reset_Handler                                     ./src/sam/utils/cmsis/sam3s/source/templates/gcc/startup_sam3s.o
SPI_Handler                                       ./src/sam/utils/cmsis/sam3s/source/templates/exceptions.o
                                                  ./src/sam/utils/cmsis/sam3s/source/templates/gcc/startup_sam3s.o
SSC_Handler                                       ./src/sam/utils/cmsis/sam3s/source/templates/exceptions.o
                                                  ./src/sam/utils/cmsis/sam3s/source/templates/gcc/startup_sam3s.o
SUPC_Handler                                      ./src/sam/utils/cmsis/sam3s/source/templates/exceptions.o
                                                  ./src/sam/utils/cmsis/sam3s/source/templates/gcc/startup_sam3s.o
SVC_Handler                                       ./src/sam/utils/cmsis/sam3s/source/templates/exceptions.o
                                                  ./src/sam/utils/cmsis/sam3s/source/templates/gcc/startup_sam3s.o
SysTick_Handler                                   ./src/mdelay.o
                                                  ./src/sam/utils/cmsis/sam3s/source/templates/exceptions.o
                                                  ./src/sam/utils/cmsis/sam3s/source/templates/gcc/startup_sam3s.o
SystemCoreClock                                   ./src/sam/utils/cmsis/sam3s/source/templates/system_sam3s.o
SystemCoreClockUpdate                             ./src/sam/utils/cmsis/sam3s/source/templates/system_sam3s.o
                                                  ./src/common/services/clock/sam3s/sysclk.o
SystemInit                                        ./src/sam/utils/cmsis/sam3s/source/templates/system_sam3s.o
TC0_Handler                                       ./src/main.o
                                                  ./src/sam/utils/cmsis/sam3s/source/templates/exceptions.o
                                                  ./src/sam/utils/cmsis/sam3s/source/templates/gcc/startup_sam3s.o
TC1_Handler                                       ./src/sam/utils/cmsis/sam3s/source/templates/exceptions.o
                                                  ./src/sam/utils/cmsis/sam3s/source/templates/gcc/startup_sam3s.o
TC2_Handler                                       ./src/sam/utils/cmsis/sam3s/source/templates/exceptions.o
                                                  ./src/sam/utils/cmsis/sam3s/source/templates/gcc/startup_sam3s.o
TWI0_Handler                                      ./src/sam/utils/cmsis/sam3s/source/templates/exceptions.o
                                                  ./src/sam/utils/cmsis/sam3s/source/templates/gcc/startup_sam3s.o
TWI1_Handler                                      ./src/sam/utils/cmsis/sam3s/source/templates/exceptions.o
                                                  ./src/sam/utils/cmsis/sam3s/source/templates/gcc/startup_sam3s.o
UART0_Handler                                     ./src/sam/utils/cmsis/sam3s/source/templates/exceptions.o
                                                  ./src/sam/utils/cmsis/sam3s/source/templates/gcc/startup_sam3s.o
UART1_Handler                                     ./src/sam/utils/cmsis/sam3s/source/templates/exceptions.o
                                                  ./src/sam/utils/cmsis/sam3s/source/templates/gcc/startup_sam3s.o
UDP_Handler                                       ./src/sam/utils/cmsis/sam3s/source/templates/exceptions.o
                                                  ./src/sam/utils/cmsis/sam3s/source/templates/gcc/startup_sam3s.o
USART0_Handler                                    ./src/sam/utils/cmsis/sam3s/source/templates/exceptions.o
                                                  ./src/sam/utils/cmsis/sam3s/source/templates/gcc/startup_sam3s.o
USART1_Handler                                    ./src/sam/utils/cmsis/sam3s/source/templates/exceptions.o
                                                  ./src/sam/utils/cmsis/sam3s/source/templates/gcc/startup_sam3s.o
UsageFault_Handler                                ./src/sam/utils/cmsis/sam3s/source/templates/exceptions.o
                                                  ./src/sam/utils/cmsis/sam3s/source/templates/gcc/startup_sam3s.o
WDT_Handler                                       ./src/sam/utils/cmsis/sam3s/source/templates/exceptions.o
                                                  ./src/sam/utils/cmsis/sam3s/source/templates/gcc/startup_sam3s.o
_ITM_deregisterTMCloneTable                       /usr/local/gcc-arm-none-eabi-5_2-2015q4/bin/../lib/gcc/arm-none-eabi/5.2.1/armv7-m/crtbegin.o
_ITM_registerTMCloneTable                         /usr/local/gcc-arm-none-eabi-5_2-2015q4/bin/../lib/gcc/arm-none-eabi/5.2.1/armv7-m/crtbegin.o
_Jv_RegisterClasses                               /usr/local/gcc-arm-none-eabi-5_2-2015q4/bin/../lib/gcc/arm-none-eabi/5.2.1/armv7-m/crtbegin.o
__TMC_END__                                       /usr/local/gcc-arm-none-eabi-5_2-2015q4/bin/../lib/gcc/arm-none-eabi/5.2.1/armv7-m/crtend.o
                                                  /usr/local/gcc-arm-none-eabi-5_2-2015q4/bin/../lib/gcc/arm-none-eabi/5.2.1/armv7-m/crtbegin.o
__bss_end__                                       /usr/local/gcc-arm-none-eabi-5_2-2015q4/bin/../lib/gcc/arm-none-eabi/5.2.1/../../../../arm-none-eabi/lib/armv7-m/crt0.o
__bss_start__                                     /usr/local/gcc-arm-none-eabi-5_2-2015q4/bin/../lib/gcc/arm-none-eabi/5.2.1/../../../../arm-none-eabi/lib/armv7-m/crt0.o
__call_exitprocs                                  /usr/local/gcc-arm-none-eabi-5_2-2015q4/bin/../lib/gcc/arm-none-eabi/5.2.1/../../../../arm-none-eabi/lib/armv7-m/libg_nano.a(lib_a-exit.o)
__deregister_frame_info                           /usr/local/gcc-arm-none-eabi-5_2-2015q4/bin/../lib/gcc/arm-none-eabi/5.2.1/armv7-m/crtbegin.o
__dso_handle                                      /usr/local/gcc-arm-none-eabi-5_2-2015q4/bin/../lib/gcc/arm-none-eabi/5.2.1/armv7-m/crtbegin.o
__fp_lock_all                                     /usr/local/gcc-arm-none-eabi-5_2-2015q4/bin/../lib/gcc/arm-none-eabi/5.2.1/../../../../arm-none-eabi/lib/armv7-m/libg_nano.a(lib_a-findfp.o)
__fp_unlock_all                                   /usr/local/gcc-arm-none-eabi-5_2-2015q4/bin/../lib/gcc/arm-none-eabi/5.2.1/../../../../arm-none-eabi/lib/armv7-m/libg_nano.a(lib_a-findfp.o)
__init_array_end                                  /usr/local/gcc-arm-none-eabi-5_2-2015q4/bin/../lib/gcc/arm-none-eabi/5.2.1/../../../../arm-none-eabi/lib/armv7-m/libg_nano.a(lib_a-init.o)
__init_array_start                                /usr/local/gcc-arm-none-eabi-5_2-2015q4/bin/../lib/gcc/arm-none-eabi/5.2.1/../../../../arm-none-eabi/lib/armv7-m/libg_nano.a(lib_a-init.o)
__libc_fini_array                                 /usr/local/gcc-arm-none-eabi-5_2-2015q4/bin/../lib/gcc/arm-none-eabi/5.2.1/../../../../arm-none-eabi/lib/armv7-m/crt0.o
__libc_init_array                                 /usr/local/gcc-arm-none-eabi-5_2-2015q4/bin/../lib/gcc/arm-none-eabi/5.2.1/../../../../arm-none-eabi/lib/armv7-m/libg_nano.a(lib_a-init.o)
                                                  ./src/sam/utils/cmsis/sam3s/source/templates/gcc/startup_sam3s.o
                                                  /usr/local/gcc-arm-none-eabi-5_2-2015q4/bin/../lib/gcc/arm-none-eabi/5.2.1/../../../../arm-none-eabi/lib/armv7-m/crt0.o
__malloc_free_list                                /usr/local/gcc-arm-none-eabi-5_2-2015q4/bin/../lib/gcc/arm-none-eabi/5.2.1/../../../../arm-none-eabi/lib/armv7-m/libg_nano.a(lib_a-nano-mallocr.o)
                                                  /usr/local/gcc-arm-none-eabi-5_2-2015q4/bin/../lib/gcc/arm-none-eabi/5.2.1/../../../../arm-none-eabi/lib/armv7-m/libg_nano.a(lib_a-nano-freer.o)
__malloc_sbrk_start                               /usr/local/gcc-arm-none-eabi-5_2-2015q4/bin/../lib/gcc/arm-none-eabi/5.2.1/../../../../arm-none-eabi/lib/armv7-m/libg_nano.a(lib_a-nano-mallocr.o)
__preinit_array_end                               /usr/local/gcc-arm-none-eabi-5_2-2015q4/bin/../lib/gcc/arm-none-eabi/5.2.1/../../../../arm-none-eabi/lib/armv7-m/libg_nano.a(lib_a-init.o)
__preinit_array_start                             /usr/local/gcc-arm-none-eabi-5_2-2015q4/bin/../lib/gcc/arm-none-eabi/5.2.1/../../../../arm-none-eabi/lib/armv7-m/libg_nano.a(lib_a-init.o)
__ram_end__                                       ./src/sam/syscalls/gcc/syscalls.o
__register_frame_info                             /usr/local/gcc-arm-none-eabi-5_2-2015q4/bin/../lib/gcc/arm-none-eabi/5.2.1/armv7-m/crtbegin.o
__sclose                                          /usr/local/gcc-arm-none-eabi-5_2-2015q4/bin/../lib/gcc/arm-none-eabi/5.2.1/../../../../arm-none-eabi/lib/armv7-m/libg_nano.a(lib_a-stdio.o)
                                                  /usr/local/gcc-arm-none-eabi-5_2-2015q4/bin/../lib/gcc/arm-none-eabi/5.2.1/../../../../arm-none-eabi/lib/armv7-m/libg_nano.a(lib_a-findfp.o)
__seofread                                        /usr/local/gcc-arm-none-eabi-5_2-2015q4/bin/../lib/gcc/arm-none-eabi/5.2.1/../../../../arm-none-eabi/lib/armv7-m/libg_nano.a(lib_a-stdio.o)
__sf_fake_stderr                                  /usr/local/gcc-arm-none-eabi-5_2-2015q4/bin/../lib/gcc/arm-none-eabi/5.2.1/../../../../arm-none-eabi/lib/armv7-m/libg_nano.a(lib_a-findfp.o)
                                                  /usr/local/gcc-arm-none-eabi-5_2-2015q4/bin/../lib/gcc/arm-none-eabi/5.2.1/../../../../arm-none-eabi/lib/armv7-m/libg_nano.a(lib_a-nano-vfprintf.o)
                                                  /usr/local/gcc-arm-none-eabi-5_2-2015q4/bin/../lib/gcc/arm-none-eabi/5.2.1/../../../../arm-none-eabi/lib/armv7-m/libg_nano.a(lib_a-fflush.o)
                                                  /usr/local/gcc-arm-none-eabi-5_2-2015q4/bin/../lib/gcc/arm-none-eabi/5.2.1/../../../../arm-none-eabi/lib/armv7-m/libg_nano.a(lib_a-wsetup.o)
                                                  /usr/local/gcc-arm-none-eabi-5_2-2015q4/bin/../lib/gcc/arm-none-eabi/5.2.1/../../../../arm-none-eabi/lib/armv7-m/libg_nano.a(lib_a-wbuf.o)
                                                  /usr/local/gcc-arm-none-eabi-5_2-2015q4/bin/../lib/gcc/arm-none-eabi/5.2.1/../../../../arm-none-eabi/lib/armv7-m/libg_nano.a(lib_a-setvbuf.o)
                                                  /usr/local/gcc-arm-none-eabi-5_2-2015q4/bin/../lib/gcc/arm-none-eabi/5.2.1/../../../../arm-none-eabi/lib/armv7-m/libg_nano.a(lib_a-puts.o)
                                                  /usr/local/gcc-arm-none-eabi-5_2-2015q4/bin/../lib/gcc/arm-none-eabi/5.2.1/../../../../arm-none-eabi/lib/armv7-m/libg_nano.a(lib_a-impure.o)
__sf_fake_stdin                                   /usr/local/gcc-arm-none-eabi-5_2-2015q4/bin/../lib/gcc/arm-none-eabi/5.2.1/../../../../arm-none-eabi/lib/armv7-m/libg_nano.a(lib_a-findfp.o)
                                                  /usr/local/gcc-arm-none-eabi-5_2-2015q4/bin/../lib/gcc/arm-none-eabi/5.2.1/../../../../arm-none-eabi/lib/armv7-m/libg_nano.a(lib_a-nano-vfprintf.o)
                                                  /usr/local/gcc-arm-none-eabi-5_2-2015q4/bin/../lib/gcc/arm-none-eabi/5.2.1/../../../../arm-none-eabi/lib/armv7-m/libg_nano.a(lib_a-fflush.o)
                                                  /usr/local/gcc-arm-none-eabi-5_2-2015q4/bin/../lib/gcc/arm-none-eabi/5.2.1/../../../../arm-none-eabi/lib/armv7-m/libg_nano.a(lib_a-wsetup.o)
                                                  /usr/local/gcc-arm-none-eabi-5_2-2015q4/bin/../lib/gcc/arm-none-eabi/5.2.1/../../../../arm-none-eabi/lib/armv7-m/libg_nano.a(lib_a-wbuf.o)
                                                  /usr/local/gcc-arm-none-eabi-5_2-2015q4/bin/../lib/gcc/arm-none-eabi/5.2.1/../../../../arm-none-eabi/lib/armv7-m/libg_nano.a(lib_a-setvbuf.o)
                                                  /usr/local/gcc-arm-none-eabi-5_2-2015q4/bin/../lib/gcc/arm-none-eabi/5.2.1/../../../../arm-none-eabi/lib/armv7-m/libg_nano.a(lib_a-puts.o)
                                                  /usr/local/gcc-arm-none-eabi-5_2-2015q4/bin/../lib/gcc/arm-none-eabi/5.2.1/../../../../arm-none-eabi/lib/armv7-m/libg_nano.a(lib_a-impure.o)
__sf_fake_stdout                                  /usr/local/gcc-arm-none-eabi-5_2-2015q4/bin/../lib/gcc/arm-none-eabi/5.2.1/../../../../arm-none-eabi/lib/armv7-m/libg_nano.a(lib_a-findfp.o)
                                                  /usr/local/gcc-arm-none-eabi-5_2-2015q4/bin/../lib/gcc/arm-none-eabi/5.2.1/../../../../arm-none-eabi/lib/armv7-m/libg_nano.a(lib_a-nano-vfprintf.o)