   1              		.syntax unified
   2              		.cpu cortex-m3
   3              		.fpu softvfp
   4              		.eabi_attribute 20, 1
   5              		.eabi_attribute 21, 1
   6              		.eabi_attribute 23, 3
   7              		.eabi_attribute 24, 1
   8              		.eabi_attribute 25, 1
   9              		.eabi_attribute 26, 1
  10              		.eabi_attribute 30, 1
  11              		.eabi_attribute 34, 1
  12              		.eabi_attribute 18, 4
  13              		.thumb
  14              		.syntax unified
  15              		.file	"startup_sam3s.c"
  16              		.text
  17              	.Ltext0:
  18              		.cfi_sections	.debug_frame
  19              		.section	.text.Reset_Handler,"ax",%progbits
  20              		.align	2
  21              		.global	Reset_Handler
  22              		.thumb
  23              		.thumb_func
  25              	Reset_Handler:
  26              	.LFB73:
  27              		.file 1 "../src/sam/utils/cmsis/sam3s/source/templates/gcc/startup_sam3s.c"
   1:../src/sam/utils/cmsis/sam3s/source/templates/gcc/startup_sam3s.c **** /**
   2:../src/sam/utils/cmsis/sam3s/source/templates/gcc/startup_sam3s.c ****  * \file
   3:../src/sam/utils/cmsis/sam3s/source/templates/gcc/startup_sam3s.c ****  *
   4:../src/sam/utils/cmsis/sam3s/source/templates/gcc/startup_sam3s.c ****  * \brief Startup file for SAM3S.
   5:../src/sam/utils/cmsis/sam3s/source/templates/gcc/startup_sam3s.c ****  *
   6:../src/sam/utils/cmsis/sam3s/source/templates/gcc/startup_sam3s.c ****  * Copyright (c) 2011-2015 Atmel Corporation. All rights reserved.
   7:../src/sam/utils/cmsis/sam3s/source/templates/gcc/startup_sam3s.c ****  *
   8:../src/sam/utils/cmsis/sam3s/source/templates/gcc/startup_sam3s.c ****  * \asf_license_start
   9:../src/sam/utils/cmsis/sam3s/source/templates/gcc/startup_sam3s.c ****  *
  10:../src/sam/utils/cmsis/sam3s/source/templates/gcc/startup_sam3s.c ****  * \page License
  11:../src/sam/utils/cmsis/sam3s/source/templates/gcc/startup_sam3s.c ****  *
  12:../src/sam/utils/cmsis/sam3s/source/templates/gcc/startup_sam3s.c ****  * Redistribution and use in source and binary forms, with or without
  13:../src/sam/utils/cmsis/sam3s/source/templates/gcc/startup_sam3s.c ****  * modification, are permitted provided that the following conditions are met:
  14:../src/sam/utils/cmsis/sam3s/source/templates/gcc/startup_sam3s.c ****  *
  15:../src/sam/utils/cmsis/sam3s/source/templates/gcc/startup_sam3s.c ****  * 1. Redistributions of source code must retain the above copyright notice,
  16:../src/sam/utils/cmsis/sam3s/source/templates/gcc/startup_sam3s.c ****  *    this list of conditions and the following disclaimer.
  17:../src/sam/utils/cmsis/sam3s/source/templates/gcc/startup_sam3s.c ****  *
  18:../src/sam/utils/cmsis/sam3s/source/templates/gcc/startup_sam3s.c ****  * 2. Redistributions in binary form must reproduce the above copyright notice,
  19:../src/sam/utils/cmsis/sam3s/source/templates/gcc/startup_sam3s.c ****  *    this list of conditions and the following disclaimer in the documentation
  20:../src/sam/utils/cmsis/sam3s/source/templates/gcc/startup_sam3s.c ****  *    and/or other materials provided with the distribution.
  21:../src/sam/utils/cmsis/sam3s/source/templates/gcc/startup_sam3s.c ****  *
  22:../src/sam/utils/cmsis/sam3s/source/templates/gcc/startup_sam3s.c ****  * 3. The name of Atmel may not be used to endorse or promote products derived
  23:../src/sam/utils/cmsis/sam3s/source/templates/gcc/startup_sam3s.c ****  *    from this software without specific prior written permission.
  24:../src/sam/utils/cmsis/sam3s/source/templates/gcc/startup_sam3s.c ****  *
  25:../src/sam/utils/cmsis/sam3s/source/templates/gcc/startup_sam3s.c ****  * 4. This software may only be redistributed and used in connection with an
  26:../src/sam/utils/cmsis/sam3s/source/templates/gcc/startup_sam3s.c ****  *    Atmel microcontroller product.
  27:../src/sam/utils/cmsis/sam3s/source/templates/gcc/startup_sam3s.c ****  *
  28:../src/sam/utils/cmsis/sam3s/source/templates/gcc/startup_sam3s.c ****  * THIS SOFTWARE IS PROVIDED BY ATMEL "AS IS" AND ANY EXPRESS OR IMPLIED
  29:../src/sam/utils/cmsis/sam3s/source/templates/gcc/startup_sam3s.c ****  * WARRANTIES, INCLUDING, BUT NOT LIMITED TO, THE IMPLIED WARRANTIES OF
  30:../src/sam/utils/cmsis/sam3s/source/templates/gcc/startup_sam3s.c ****  * MERCHANTABILITY, FITNESS FOR A PARTICULAR PURPOSE AND NON-INFRINGEMENT ARE
  31:../src/sam/utils/cmsis/sam3s/source/templates/gcc/startup_sam3s.c ****  * EXPRESSLY AND SPECIFICALLY DISCLAIMED. IN NO EVENT SHALL ATMEL BE LIABLE FOR
  32:../src/sam/utils/cmsis/sam3s/source/templates/gcc/startup_sam3s.c ****  * ANY DIRECT, INDIRECT, INCIDENTAL, SPECIAL, EXEMPLARY, OR CONSEQUENTIAL
  33:../src/sam/utils/cmsis/sam3s/source/templates/gcc/startup_sam3s.c ****  * DAMAGES (INCLUDING, BUT NOT LIMITED TO, PROCUREMENT OF SUBSTITUTE GOODS
  34:../src/sam/utils/cmsis/sam3s/source/templates/gcc/startup_sam3s.c ****  * OR SERVICES; LOSS OF USE, DATA, OR PROFITS; OR BUSINESS INTERRUPTION)
  35:../src/sam/utils/cmsis/sam3s/source/templates/gcc/startup_sam3s.c ****  * HOWEVER CAUSED AND ON ANY THEORY OF LIABILITY, WHETHER IN CONTRACT,
  36:../src/sam/utils/cmsis/sam3s/source/templates/gcc/startup_sam3s.c ****  * STRICT LIABILITY, OR TORT (INCLUDING NEGLIGENCE OR OTHERWISE) ARISING IN
  37:../src/sam/utils/cmsis/sam3s/source/templates/gcc/startup_sam3s.c ****  * ANY WAY OUT OF THE USE OF THIS SOFTWARE, EVEN IF ADVISED OF THE
  38:../src/sam/utils/cmsis/sam3s/source/templates/gcc/startup_sam3s.c ****  * POSSIBILITY OF SUCH DAMAGE.
  39:../src/sam/utils/cmsis/sam3s/source/templates/gcc/startup_sam3s.c ****  *
  40:../src/sam/utils/cmsis/sam3s/source/templates/gcc/startup_sam3s.c ****  * \asf_license_stop
  41:../src/sam/utils/cmsis/sam3s/source/templates/gcc/startup_sam3s.c ****  *
  42:../src/sam/utils/cmsis/sam3s/source/templates/gcc/startup_sam3s.c ****  */
  43:../src/sam/utils/cmsis/sam3s/source/templates/gcc/startup_sam3s.c **** /*
  44:../src/sam/utils/cmsis/sam3s/source/templates/gcc/startup_sam3s.c ****  * Support and FAQ: visit <a href="http://www.atmel.com/design-support/">Atmel Support</a>
  45:../src/sam/utils/cmsis/sam3s/source/templates/gcc/startup_sam3s.c ****  */
  46:../src/sam/utils/cmsis/sam3s/source/templates/gcc/startup_sam3s.c **** 
  47:../src/sam/utils/cmsis/sam3s/source/templates/gcc/startup_sam3s.c **** #include "exceptions.h"
  48:../src/sam/utils/cmsis/sam3s/source/templates/gcc/startup_sam3s.c **** #include "sam3s.h"
  49:../src/sam/utils/cmsis/sam3s/source/templates/gcc/startup_sam3s.c **** #include "system_sam3s.h"
  50:../src/sam/utils/cmsis/sam3s/source/templates/gcc/startup_sam3s.c **** 
  51:../src/sam/utils/cmsis/sam3s/source/templates/gcc/startup_sam3s.c **** /* Initialize segments */
  52:../src/sam/utils/cmsis/sam3s/source/templates/gcc/startup_sam3s.c **** extern uint32_t _sfixed;
  53:../src/sam/utils/cmsis/sam3s/source/templates/gcc/startup_sam3s.c **** extern uint32_t _efixed;
  54:../src/sam/utils/cmsis/sam3s/source/templates/gcc/startup_sam3s.c **** extern uint32_t _etext;
  55:../src/sam/utils/cmsis/sam3s/source/templates/gcc/startup_sam3s.c **** extern uint32_t _srelocate;
  56:../src/sam/utils/cmsis/sam3s/source/templates/gcc/startup_sam3s.c **** extern uint32_t _erelocate;
  57:../src/sam/utils/cmsis/sam3s/source/templates/gcc/startup_sam3s.c **** extern uint32_t _szero;
  58:../src/sam/utils/cmsis/sam3s/source/templates/gcc/startup_sam3s.c **** extern uint32_t _ezero;
  59:../src/sam/utils/cmsis/sam3s/source/templates/gcc/startup_sam3s.c **** extern uint32_t _sstack;
  60:../src/sam/utils/cmsis/sam3s/source/templates/gcc/startup_sam3s.c **** extern uint32_t _estack;
  61:../src/sam/utils/cmsis/sam3s/source/templates/gcc/startup_sam3s.c **** 
  62:../src/sam/utils/cmsis/sam3s/source/templates/gcc/startup_sam3s.c **** /** \cond DOXYGEN_SHOULD_SKIP_THIS */
  63:../src/sam/utils/cmsis/sam3s/source/templates/gcc/startup_sam3s.c **** int main(void);
  64:../src/sam/utils/cmsis/sam3s/source/templates/gcc/startup_sam3s.c **** /** \endcond */
  65:../src/sam/utils/cmsis/sam3s/source/templates/gcc/startup_sam3s.c **** 
  66:../src/sam/utils/cmsis/sam3s/source/templates/gcc/startup_sam3s.c **** void __libc_init_array(void);
  67:../src/sam/utils/cmsis/sam3s/source/templates/gcc/startup_sam3s.c **** 
  68:../src/sam/utils/cmsis/sam3s/source/templates/gcc/startup_sam3s.c **** /* Exception Table */
  69:../src/sam/utils/cmsis/sam3s/source/templates/gcc/startup_sam3s.c **** __attribute__ ((section(".vectors")))
  70:../src/sam/utils/cmsis/sam3s/source/templates/gcc/startup_sam3s.c **** IntFunc exception_table[] = {
  71:../src/sam/utils/cmsis/sam3s/source/templates/gcc/startup_sam3s.c **** 
  72:../src/sam/utils/cmsis/sam3s/source/templates/gcc/startup_sam3s.c **** 	/* Configure Initial Stack Pointer, using linker-generated symbols */
  73:../src/sam/utils/cmsis/sam3s/source/templates/gcc/startup_sam3s.c **** 	(IntFunc) (&_estack),
  74:../src/sam/utils/cmsis/sam3s/source/templates/gcc/startup_sam3s.c **** 	Reset_Handler,
  75:../src/sam/utils/cmsis/sam3s/source/templates/gcc/startup_sam3s.c **** 
  76:../src/sam/utils/cmsis/sam3s/source/templates/gcc/startup_sam3s.c **** 	NMI_Handler,
  77:../src/sam/utils/cmsis/sam3s/source/templates/gcc/startup_sam3s.c **** 	HardFault_Handler,
  78:../src/sam/utils/cmsis/sam3s/source/templates/gcc/startup_sam3s.c **** 	MemManage_Handler,
  79:../src/sam/utils/cmsis/sam3s/source/templates/gcc/startup_sam3s.c **** 	BusFault_Handler,
  80:../src/sam/utils/cmsis/sam3s/source/templates/gcc/startup_sam3s.c **** 	UsageFault_Handler,
  81:../src/sam/utils/cmsis/sam3s/source/templates/gcc/startup_sam3s.c **** 	0, 0, 0, 0,        /* Reserved */
  82:../src/sam/utils/cmsis/sam3s/source/templates/gcc/startup_sam3s.c **** 	SVC_Handler,
  83:../src/sam/utils/cmsis/sam3s/source/templates/gcc/startup_sam3s.c **** 	DebugMon_Handler,
  84:../src/sam/utils/cmsis/sam3s/source/templates/gcc/startup_sam3s.c **** 	0,                 /* Reserved  */
  85:../src/sam/utils/cmsis/sam3s/source/templates/gcc/startup_sam3s.c **** 	PendSV_Handler,
  86:../src/sam/utils/cmsis/sam3s/source/templates/gcc/startup_sam3s.c **** 	SysTick_Handler,
  87:../src/sam/utils/cmsis/sam3s/source/templates/gcc/startup_sam3s.c **** 
  88:../src/sam/utils/cmsis/sam3s/source/templates/gcc/startup_sam3s.c **** 	/* Configurable interrupts  */
  89:../src/sam/utils/cmsis/sam3s/source/templates/gcc/startup_sam3s.c **** 	SUPC_Handler,   /* 0  Supply Controller */
  90:../src/sam/utils/cmsis/sam3s/source/templates/gcc/startup_sam3s.c **** 	RSTC_Handler,   /* 1  Reset Controller */
  91:../src/sam/utils/cmsis/sam3s/source/templates/gcc/startup_sam3s.c **** 	RTC_Handler,    /* 2  Real Time Clock */
  92:../src/sam/utils/cmsis/sam3s/source/templates/gcc/startup_sam3s.c **** 	RTT_Handler,    /* 3  Real Time Timer */
  93:../src/sam/utils/cmsis/sam3s/source/templates/gcc/startup_sam3s.c **** 	WDT_Handler,    /* 4  Watchdog Timer */
  94:../src/sam/utils/cmsis/sam3s/source/templates/gcc/startup_sam3s.c **** 	PMC_Handler,    /* 5  PMC */
  95:../src/sam/utils/cmsis/sam3s/source/templates/gcc/startup_sam3s.c **** 	EFC_Handler,    /* 6  EFC */
  96:../src/sam/utils/cmsis/sam3s/source/templates/gcc/startup_sam3s.c **** 	Dummy_Handler,  /* 7  Reserved */
  97:../src/sam/utils/cmsis/sam3s/source/templates/gcc/startup_sam3s.c **** 	UART0_Handler,  /* 8  UART0 */
  98:../src/sam/utils/cmsis/sam3s/source/templates/gcc/startup_sam3s.c **** 	UART1_Handler,  /* 9  UART1 */
  99:../src/sam/utils/cmsis/sam3s/source/templates/gcc/startup_sam3s.c **** #ifdef ID_SMC
 100:../src/sam/utils/cmsis/sam3s/source/templates/gcc/startup_sam3s.c **** 	SMC_Handler,    /* 10 SMC */
 101:../src/sam/utils/cmsis/sam3s/source/templates/gcc/startup_sam3s.c **** #else
 102:../src/sam/utils/cmsis/sam3s/source/templates/gcc/startup_sam3s.c **** 	Dummy_Handler,
 103:../src/sam/utils/cmsis/sam3s/source/templates/gcc/startup_sam3s.c **** #endif
 104:../src/sam/utils/cmsis/sam3s/source/templates/gcc/startup_sam3s.c **** 	PIOA_Handler,   /* 11 Parallel IO Controller A */
 105:../src/sam/utils/cmsis/sam3s/source/templates/gcc/startup_sam3s.c **** 	PIOB_Handler,   /* 12 Parallel IO Controller B */
 106:../src/sam/utils/cmsis/sam3s/source/templates/gcc/startup_sam3s.c **** #ifdef ID_PIOC
 107:../src/sam/utils/cmsis/sam3s/source/templates/gcc/startup_sam3s.c **** 	PIOC_Handler,   /* 13 Parallel IO Controller C */
 108:../src/sam/utils/cmsis/sam3s/source/templates/gcc/startup_sam3s.c **** #else
 109:../src/sam/utils/cmsis/sam3s/source/templates/gcc/startup_sam3s.c **** 	Dummy_Handler,
 110:../src/sam/utils/cmsis/sam3s/source/templates/gcc/startup_sam3s.c **** #endif
 111:../src/sam/utils/cmsis/sam3s/source/templates/gcc/startup_sam3s.c **** 	USART0_Handler, /* 14 USART 0 */
 112:../src/sam/utils/cmsis/sam3s/source/templates/gcc/startup_sam3s.c **** #ifdef ID_USART1
 113:../src/sam/utils/cmsis/sam3s/source/templates/gcc/startup_sam3s.c **** 	USART1_Handler, /* 15 USART 1 */
 114:../src/sam/utils/cmsis/sam3s/source/templates/gcc/startup_sam3s.c **** #else
 115:../src/sam/utils/cmsis/sam3s/source/templates/gcc/startup_sam3s.c **** 	Dummy_Handler,
 116:../src/sam/utils/cmsis/sam3s/source/templates/gcc/startup_sam3s.c **** #endif
 117:../src/sam/utils/cmsis/sam3s/source/templates/gcc/startup_sam3s.c **** 	Dummy_Handler,  /* 16 Reserved */
 118:../src/sam/utils/cmsis/sam3s/source/templates/gcc/startup_sam3s.c **** 	Dummy_Handler,  /* 17 Reserved */
 119:../src/sam/utils/cmsis/sam3s/source/templates/gcc/startup_sam3s.c **** #ifdef ID_HSMCI
 120:../src/sam/utils/cmsis/sam3s/source/templates/gcc/startup_sam3s.c **** 	HSMCI_Handler,  /* 18 HSMCI */
 121:../src/sam/utils/cmsis/sam3s/source/templates/gcc/startup_sam3s.c **** #else
 122:../src/sam/utils/cmsis/sam3s/source/templates/gcc/startup_sam3s.c **** 	Dummy_Handler,
 123:../src/sam/utils/cmsis/sam3s/source/templates/gcc/startup_sam3s.c **** #endif
 124:../src/sam/utils/cmsis/sam3s/source/templates/gcc/startup_sam3s.c **** 	TWI0_Handler,   /* 19 TWI 0 */
 125:../src/sam/utils/cmsis/sam3s/source/templates/gcc/startup_sam3s.c **** 	TWI1_Handler,   /* 20 TWI 1 */
 126:../src/sam/utils/cmsis/sam3s/source/templates/gcc/startup_sam3s.c **** 	SPI_Handler,    /* 21 SPI */
 127:../src/sam/utils/cmsis/sam3s/source/templates/gcc/startup_sam3s.c **** 	SSC_Handler,    /* 22 SSC */
 128:../src/sam/utils/cmsis/sam3s/source/templates/gcc/startup_sam3s.c **** 	TC0_Handler,    /* 23 Timer Counter 0 */
 129:../src/sam/utils/cmsis/sam3s/source/templates/gcc/startup_sam3s.c **** 	TC1_Handler,    /* 24 Timer Counter 1 */
 130:../src/sam/utils/cmsis/sam3s/source/templates/gcc/startup_sam3s.c **** 	TC2_Handler,    /* 25 Timer Counter 2 */
 131:../src/sam/utils/cmsis/sam3s/source/templates/gcc/startup_sam3s.c **** #ifdef ID_TC3
 132:../src/sam/utils/cmsis/sam3s/source/templates/gcc/startup_sam3s.c **** 	TC3_Handler,    /* 26 Timer Counter 3 */
 133:../src/sam/utils/cmsis/sam3s/source/templates/gcc/startup_sam3s.c **** #else
 134:../src/sam/utils/cmsis/sam3s/source/templates/gcc/startup_sam3s.c **** 	Dummy_Handler,
 135:../src/sam/utils/cmsis/sam3s/source/templates/gcc/startup_sam3s.c **** #endif
 136:../src/sam/utils/cmsis/sam3s/source/templates/gcc/startup_sam3s.c **** #ifdef ID_TC4
 137:../src/sam/utils/cmsis/sam3s/source/templates/gcc/startup_sam3s.c **** 	TC4_Handler,    /* 27 Timer Counter 4 */
 138:../src/sam/utils/cmsis/sam3s/source/templates/gcc/startup_sam3s.c **** #else
 139:../src/sam/utils/cmsis/sam3s/source/templates/gcc/startup_sam3s.c **** 	Dummy_Handler,
 140:../src/sam/utils/cmsis/sam3s/source/templates/gcc/startup_sam3s.c **** #endif
 141:../src/sam/utils/cmsis/sam3s/source/templates/gcc/startup_sam3s.c **** #ifdef ID_TC5
 142:../src/sam/utils/cmsis/sam3s/source/templates/gcc/startup_sam3s.c **** 	TC5_Handler,    /* 28 Timer Counter 5 */
 143:../src/sam/utils/cmsis/sam3s/source/templates/gcc/startup_sam3s.c **** #else
 144:../src/sam/utils/cmsis/sam3s/source/templates/gcc/startup_sam3s.c **** 	Dummy_Handler,
 145:../src/sam/utils/cmsis/sam3s/source/templates/gcc/startup_sam3s.c **** #endif
 146:../src/sam/utils/cmsis/sam3s/source/templates/gcc/startup_sam3s.c **** 	ADC_Handler,    /* 29 ADC controller */
 147:../src/sam/utils/cmsis/sam3s/source/templates/gcc/startup_sam3s.c **** #ifdef ID_DACC
 148:../src/sam/utils/cmsis/sam3s/source/templates/gcc/startup_sam3s.c **** 	DACC_Handler,   /* 30 DACC controller */
 149:../src/sam/utils/cmsis/sam3s/source/templates/gcc/startup_sam3s.c **** #else
 150:../src/sam/utils/cmsis/sam3s/source/templates/gcc/startup_sam3s.c **** 	Dummy_Handler,
 151:../src/sam/utils/cmsis/sam3s/source/templates/gcc/startup_sam3s.c **** #endif
 152:../src/sam/utils/cmsis/sam3s/source/templates/gcc/startup_sam3s.c **** 	PWM_Handler,    /* 31 PWM */
 153:../src/sam/utils/cmsis/sam3s/source/templates/gcc/startup_sam3s.c **** 	CRCCU_Handler,  /* 32 CRC Calculation Unit */
 154:../src/sam/utils/cmsis/sam3s/source/templates/gcc/startup_sam3s.c **** 	ACC_Handler,    /* 33 Analog Comparator */
 155:../src/sam/utils/cmsis/sam3s/source/templates/gcc/startup_sam3s.c **** 	UDP_Handler,    /* 34 USB Device Port */
 156:../src/sam/utils/cmsis/sam3s/source/templates/gcc/startup_sam3s.c **** 	Dummy_Handler   /* 35 not used */
 157:../src/sam/utils/cmsis/sam3s/source/templates/gcc/startup_sam3s.c **** };
 158:../src/sam/utils/cmsis/sam3s/source/templates/gcc/startup_sam3s.c **** 
 159:../src/sam/utils/cmsis/sam3s/source/templates/gcc/startup_sam3s.c **** /* TEMPORARY PATCH FOR SCB */
 160:../src/sam/utils/cmsis/sam3s/source/templates/gcc/startup_sam3s.c **** #define SCB_VTOR_TBLBASE_Pos               29                            /*!< SCB VTOR: TBLBASE Pos
 161:../src/sam/utils/cmsis/sam3s/source/templates/gcc/startup_sam3s.c **** #define SCB_VTOR_TBLBASE_Msk               (1UL << SCB_VTOR_TBLBASE_Pos) /*!< SCB VTOR: TBLBASE Mas
 162:../src/sam/utils/cmsis/sam3s/source/templates/gcc/startup_sam3s.c **** 
 163:../src/sam/utils/cmsis/sam3s/source/templates/gcc/startup_sam3s.c **** /**
 164:../src/sam/utils/cmsis/sam3s/source/templates/gcc/startup_sam3s.c ****  * \brief This is the code that gets called on processor reset.
 165:../src/sam/utils/cmsis/sam3s/source/templates/gcc/startup_sam3s.c ****  * To initialize the device, and call the main() routine.
 166:../src/sam/utils/cmsis/sam3s/source/templates/gcc/startup_sam3s.c ****  */
 167:../src/sam/utils/cmsis/sam3s/source/templates/gcc/startup_sam3s.c **** void Reset_Handler(void)
 168:../src/sam/utils/cmsis/sam3s/source/templates/gcc/startup_sam3s.c **** {
  28              		.loc 1 168 0
  29              		.cfi_startproc
  30              		@ args = 0, pretend = 0, frame = 0
  31              		@ frame_needed = 0, uses_anonymous_args = 0
  32 0000 08B5     		push	{r3, lr}
  33              		.cfi_def_cfa_offset 8
  34              		.cfi_offset 3, -8
  35              		.cfi_offset 14, -4
  36              	.LVL0:
 169:../src/sam/utils/cmsis/sam3s/source/templates/gcc/startup_sam3s.c **** 	uint32_t *pSrc, *pDest;
 170:../src/sam/utils/cmsis/sam3s/source/templates/gcc/startup_sam3s.c **** 
 171:../src/sam/utils/cmsis/sam3s/source/templates/gcc/startup_sam3s.c **** 	/* Initialize the relocate segment */
 172:../src/sam/utils/cmsis/sam3s/source/templates/gcc/startup_sam3s.c **** 	pSrc = &_etext;
 173:../src/sam/utils/cmsis/sam3s/source/templates/gcc/startup_sam3s.c **** 	pDest = &_srelocate;
 174:../src/sam/utils/cmsis/sam3s/source/templates/gcc/startup_sam3s.c **** 
 175:../src/sam/utils/cmsis/sam3s/source/templates/gcc/startup_sam3s.c **** 	if (pSrc != pDest) {
  37              		.loc 1 175 0
  38 0002 164B     		ldr	r3, .L11
  39 0004 164A     		ldr	r2, .L11+4
  40 0006 9A42     		cmp	r2, r3
  41 0008 05D1     		bne	.L9
  42 000a 09E0     		b	.L3
  43              	.LVL1:
  44              	.L4:
 176:../src/sam/utils/cmsis/sam3s/source/templates/gcc/startup_sam3s.c **** 		for (; pDest < &_erelocate;) {
 177:../src/sam/utils/cmsis/sam3s/source/templates/gcc/startup_sam3s.c **** 			*pDest++ = *pSrc++;
  45              		.loc 1 177 0
  46 000c 1168     		ldr	r1, [r2]
  47 000e 1960     		str	r1, [r3]
  48 0010 0433     		adds	r3, r3, #4
  49              	.LVL2:
  50 0012 0432     		adds	r2, r2, #4
  51              	.LVL3:
  52 0014 01E0     		b	.L2
  53              	.LVL4:
  54              	.L9:
  55 0016 114B     		ldr	r3, .L11
  56 0018 114A     		ldr	r2, .L11+4
  57              	.LVL5:
  58              	.L2:
 176:../src/sam/utils/cmsis/sam3s/source/templates/gcc/startup_sam3s.c **** 		for (; pDest < &_erelocate;) {
  59              		.loc 1 176 0
  60 001a 1249     		ldr	r1, .L11+8
  61 001c 8B42     		cmp	r3, r1
  62 001e F5D3     		bcc	.L4
  63              	.LVL6:
  64              	.L3:
  65              		.loc 1 177 0 discriminator 1
  66 0020 114B     		ldr	r3, .L11+12
  67 0022 02E0     		b	.L5
  68              	.LVL7:
  69              	.L6:
 178:../src/sam/utils/cmsis/sam3s/source/templates/gcc/startup_sam3s.c **** 		}
 179:../src/sam/utils/cmsis/sam3s/source/templates/gcc/startup_sam3s.c **** 	}
 180:../src/sam/utils/cmsis/sam3s/source/templates/gcc/startup_sam3s.c **** 
 181:../src/sam/utils/cmsis/sam3s/source/templates/gcc/startup_sam3s.c **** 	/* Clear the zero segment */
 182:../src/sam/utils/cmsis/sam3s/source/templates/gcc/startup_sam3s.c **** 	for (pDest = &_szero; pDest < &_ezero;) {
 183:../src/sam/utils/cmsis/sam3s/source/templates/gcc/startup_sam3s.c **** 		*pDest++ = 0;
  70              		.loc 1 183 0
  71 0024 0022     		movs	r2, #0
  72 0026 1A60     		str	r2, [r3]
  73 0028 0433     		adds	r3, r3, #4
  74              	.LVL8:
  75              	.L5:
 182:../src/sam/utils/cmsis/sam3s/source/templates/gcc/startup_sam3s.c **** 		*pDest++ = 0;
  76              		.loc 1 182 0 discriminator 1
  77 002a 104A     		ldr	r2, .L11+16
  78 002c 9342     		cmp	r3, r2
  79 002e F9D3     		bcc	.L6
  80              	.LVL9:
 184:../src/sam/utils/cmsis/sam3s/source/templates/gcc/startup_sam3s.c **** 	}
 185:../src/sam/utils/cmsis/sam3s/source/templates/gcc/startup_sam3s.c **** 
 186:../src/sam/utils/cmsis/sam3s/source/templates/gcc/startup_sam3s.c **** 	/* Set the vector table base address */
 187:../src/sam/utils/cmsis/sam3s/source/templates/gcc/startup_sam3s.c **** 	pSrc = (uint32_t *) & _sfixed;
 188:../src/sam/utils/cmsis/sam3s/source/templates/gcc/startup_sam3s.c **** 	SCB->VTOR = ((uint32_t) pSrc & SCB_VTOR_TBLOFF_Msk);
  81              		.loc 1 188 0
  82 0030 0F4B     		ldr	r3, .L11+20
  83              	.LVL10:
  84 0032 23F06042 		bic	r2, r3, #-536870912
  85 0036 22F07F02 		bic	r2, r2, #127
  86 003a 0E49     		ldr	r1, .L11+24
  87 003c 8A60     		str	r2, [r1, #8]
 189:../src/sam/utils/cmsis/sam3s/source/templates/gcc/startup_sam3s.c **** 
 190:../src/sam/utils/cmsis/sam3s/source/templates/gcc/startup_sam3s.c **** 	if (((uint32_t) pSrc >= IRAM_ADDR) && ((uint32_t) pSrc < IRAM_ADDR + IRAM_SIZE)) {
  88              		.loc 1 190 0
  89 003e 03F16043 		add	r3, r3, #-536870912
  90 0042 B3F5404F 		cmp	r3, #49152
  91 0046 03D2     		bcs	.L7
 191:../src/sam/utils/cmsis/sam3s/source/templates/gcc/startup_sam3s.c **** 		SCB->VTOR |= 1 << SCB_VTOR_TBLBASE_Pos;
  92              		.loc 1 191 0
  93 0048 8B68     		ldr	r3, [r1, #8]
  94 004a 43F00053 		orr	r3, r3, #536870912
  95 004e 8B60     		str	r3, [r1, #8]
  96              	.L7:
 192:../src/sam/utils/cmsis/sam3s/source/templates/gcc/startup_sam3s.c **** 	}
 193:../src/sam/utils/cmsis/sam3s/source/templates/gcc/startup_sam3s.c **** 
 194:../src/sam/utils/cmsis/sam3s/source/templates/gcc/startup_sam3s.c **** 	/* Initialize the C library */
 195:../src/sam/utils/cmsis/sam3s/source/templates/gcc/startup_sam3s.c **** 	__libc_init_array();
  97              		.loc 1 195 0
  98 0050 FFF7FEFF 		bl	__libc_init_array
  99              	.LVL11:
 196:../src/sam/utils/cmsis/sam3s/source/templates/gcc/startup_sam3s.c **** 
 197:../src/sam/utils/cmsis/sam3s/source/templates/gcc/startup_sam3s.c **** 	/* Branch to main function */
 198:../src/sam/utils/cmsis/sam3s/source/templates/gcc/startup_sam3s.c **** 	main();
 100              		.loc 1 198 0
 101 0054 FFF7FEFF 		bl	main
 102              	.LVL12:
 103              	.L8:
 104 0058 FEE7     		b	.L8
 105              	.L12:
 106 005a 00BF     		.align	2
 107              	.L11:
 108 005c 00000000 		.word	_srelocate
 109 0060 00000000 		.word	_etext
 110 0064 00000000 		.word	_erelocate
 111 0068 00000000 		.word	_szero
 112 006c 00000000 		.word	_ezero
 113 0070 00000000 		.word	_sfixed
 114 0074 00ED00E0 		.word	-536810240
 115              		.cfi_endproc
 116              	.LFE73:
 118              		.global	exception_table
 119              		.section	.bss.cpu_irq_critical_section_counter,"aw",%nobits
 120              		.align	2
 123              	cpu_irq_critical_section_counter:
 124 0000 00000000 		.space	4
 125              		.section	.vectors,"aw",%progbits
 126              		.align	2
 129              	exception_table:
 130 0000 00000000 		.word	_estack
 131 0004 00000000 		.word	Reset_Handler
 132 0008 00000000 		.word	NMI_Handler
 133 000c 00000000 		.word	HardFault_Handler
 134 0010 00000000 		.word	MemManage_Handler
 135 0014 00000000 		.word	BusFault_Handler
 136 0018 00000000 		.word	UsageFault_Handler
 137 001c 00000000 		.word	0
 138 0020 00000000 		.word	0
 139 0024 00000000 		.word	0
 140 0028 00000000 		.word	0
 141 002c 00000000 		.word	SVC_Handler
 142 0030 00000000 		.word	DebugMon_Handler
 143 0034 00000000 		.word	0
 144 0038 00000000 		.word	PendSV_Handler
 145 003c 00000000 		.word	SysTick_Handler
 146 0040 00000000 		.word	SUPC_Handler
 147 0044 00000000 		.word	RSTC_Handler
 148 0048 00000000 		.word	RTC_Handler
 149 004c 00000000 		.word	RTT_Handler
 150 0050 00000000 		.word	WDT_Handler
 151 0054 00000000 		.word	PMC_Handler
 152 0058 00000000 		.word	EFC_Handler
 153 005c 00000000 		.word	Dummy_Handler
 154 0060 00000000 		.word	UART0_Handler
 155 0064 00000000 		.word	UART1_Handler
 156 0068 00000000 		.word	Dummy_Handler
 157 006c 00000000 		.word	PIOA_Handler
 158 0070 00000000 		.word	PIOB_Handler
 159 0074 00000000 		.word	Dummy_Handler
 160 0078 00000000 		.word	USART0_Handler
 161 007c 00000000 		.word	USART1_Handler
 162 0080 00000000 		.word	Dummy_Handler
 163 0084 00000000 		.word	Dummy_Handler
 164 0088 00000000 		.word	HSMCI_Handler
 165 008c 00000000 		.word	TWI0_Handler
 166 0090 00000000 		.word	TWI1_Handler
 167 0094 00000000 		.word	SPI_Handler
 168 0098 00000000 		.word	SSC_Handler
 169 009c 00000000 		.word	TC0_Handler
 170 00a0 00000000 		.word	TC1_Handler
 171 00a4 00000000 		.word	TC2_Handler
 172 00a8 00000000 		.word	Dummy_Handler
 173 00ac 00000000 		.word	Dummy_Handler
 174 00b0 00000000 		.word	Dummy_Handler
 175 00b4 00000000 		.word	ADC_Handler
 176 00b8 00000000 		.word	DACC_Handler
 177 00bc 00000000 		.word	PWM_Handler
 178 00c0 00000000 		.word	CRCCU_Handler
 179 00c4 00000000 		.word	ACC_Handler
 180 00c8 00000000 		.word	UDP_Handler
 181 00cc 00000000 		.word	Dummy_Handler
 182              		.section	.bss.cpu_irq_prev_interrupt_state,"aw",%nobits
 185              	cpu_irq_prev_interrupt_state:
 186 0000 00       		.space	1
 187              		.text
 188              	.Letext0:
 189              		.file 2 "/usr/local/gcc-arm-none-eabi-5_2-2015q4/arm-none-eabi/include/machine/_default_types.h"
 190              		.file 3 "/usr/local/gcc-arm-none-eabi-5_2-2015q4/arm-none-eabi/include/sys/_stdint.h"
 191              		.file 4 "/home/bekeband/workspace/OLIMEX_Start/src/core_cm3.h"
 192              		.file 5 "/home/bekeband/workspace/OLIMEX_Start/src/exceptions.h"
 193              		.file 6 "/home/bekeband/workspace/OLIMEX_Start/src/interrupt/interrupt_sam_nvic.h"
DEFINED SYMBOLS
                            *ABS*:00000000 startup_sam3s.c
     /tmp/cciGGUTt.s:20     .text.Reset_Handler:00000000 $t
     /tmp/cciGGUTt.s:25     .text.Reset_Handler:00000000 Reset_Handler
     /tmp/cciGGUTt.s:108    .text.Reset_Handler:0000005c $d
     /tmp/cciGGUTt.s:129    .vectors:00000000 exception_table
     /tmp/cciGGUTt.s:120    .bss.cpu_irq_critical_section_counter:00000000 $d
     /tmp/cciGGUTt.s:123    .bss.cpu_irq_critical_section_counter:00000000 cpu_irq_critical_section_counter
     /tmp/cciGGUTt.s:126    .vectors:00000000 $d
     /tmp/cciGGUTt.s:185    .bss.cpu_irq_prev_interrupt_state:00000000 cpu_irq_prev_interrupt_state
     /tmp/cciGGUTt.s:186    .bss.cpu_irq_prev_interrupt_state:00000000 $d
                     .debug_frame:00000010 $d
                           .group:00000000 wm4.0.22b0b12aa5a71f1d303bb4102a500f20
                           .group:00000000 wm4.features.h.22.2e382148a0560adabf236cddd4e880f4
                           .group:00000000 wm4._default_types.h.15.933e8edd27a65e0b69af4a865eb623d2
                           .group:00000000 wm4._intsup.h.10.b82bf99f69d6a5c085fc866de0d3eb9b
                           .group:00000000 wm4._stdint.h.10.f76354baea1c7088202064e6f3d4f5e3
                           .group:00000000 wm4.stdint.h.23.373a9d32a9e4c2e88fd347156532d281
                           .group:00000000 wm4.sam3s4b.h.226.24ac70e3db261e60e9d210f1232ad825
                           .group:00000000 wm4.core_cm3.h.43.614605f47657df9251f3b3f57590a49a
                           .group:00000000 wm4.core_cmInstr.h.39.53f0cdf363d7ba01993152fdcb6be5d3
                           .group:00000000 wm4.core_cm3.h.160.e022dd848961f928eab0fbd8650d106b
                           .group:00000000 wm4.stddef.h.39.a38874c8f8a57e66301090908ec2a69f
                           .group:00000000 wm4.parts.h.48.e0e2ea619afac603c89fe3ed31aee15f
                           .group:00000000 wm4.tpaste.h.48.b41cf557065b1d02756f7dcff09d49b9
                           .group:00000000 wm4.stringz.h.48.ed3117824abe39c5e1281f5c5c443171
                           .group:00000000 wm4.mrepeat.h.62.d4f39ef966b631e185fbb702f9b80ecc
                           .group:00000000 wm4.newlib.h.8.2702bca278809460f0af6fba1d84eb68
                           .group:00000000 wm4.config.h.220.a09b0b0de3c25be3f39d71990e617bff
                           .group:00000000 wm4._ansi.h.23.9f8fcfa20193763fcf364fb91705c94b
                           .group:00000000 wm4.stdio.h.31.7c0e28c411445f3f9c5b11accf882760
                           .group:00000000 wm4.stddef.h.161.19e15733342b50ead2919490b095303e
                           .group:00000000 wm4.cdefs.h.47.f5f8300e4d8e4fd74800d02abaf0cc79
                           .group:00000000 wm4.stdarg.h.34.3a23a216c0c293b3d2ea2e89281481e6
                           .group:00000000 wm4.lock.h.2.9bc98482741e5e2a9450b12934a684ea
                           .group:00000000 wm4._types.h.54.d3d34a3b7f3cc230cd159baf022b4b08
                           .group:00000000 wm4.stddef.h.161.5349cb105733e8777bfb0cf53c4e3f34
                           .group:00000000 wm4.reent.h.17.850ac0a908956e5fb788be1b80de2f32
                           .group:00000000 wm4.types.h.24.b2be5f53932a9c9d07787288b29b6d75
                           .group:00000000 wm4.types.h.2.e9cec8c90ab35f77d9f499e06ae02400
                           .group:00000000 wm4._timeval.h.30.81d73a3eee9df6c17d94febfd4f5f751
                           .group:00000000 wm4.timespec.h.41.d855182eb0e690443ab8651bcedca6e1
                           .group:00000000 wm4.select.h.31.43869e1a2488877c4cd47d2792524430
                           .group:00000000 wm4.types.h.91.482c289990230376cfd504a2907d47e7
                           .group:00000000 wm4.stdio.h.2.4aa87247282eca6c8f36f9de33d8df1a
                           .group:00000000 wm4.stdio.h.68.a99a2db1e55915cfd1b035cc1e9fcff1
                           .group:00000000 wm4.stdbool.h.29.07dce69c3b78884144b7f7bd19483461
                           .group:00000000 wm4.stdlib.h.13.4ed386f5c1a80d71e72172885d946ef2
                           .group:00000000 wm4.alloca.h.8.dfc0c703c47ec3e69746825b17d9e66d
                           .group:00000000 wm4.stdlib.h.54.8f3036bd0ed314ae051372ccc1fe8f02
                           .group:00000000 wm4.compiler.h.91.eeb6296462f96c51e8e0205ed94a5b09
                           .group:00000000 wm4.interrupt_sam_nvic.h.87.7318b5cea98f92eae635f227bdfd3e60
                           .group:00000000 wm4.compiler.h.430.149e09620daad34df46237982e03ccfa
                           .group:00000000 wm4.component_acc.h.46.865c75bb2e3a9d4f38652271e089b5c8
                           .group:00000000 wm4.component_adc.h.46.52ba0aeb0af22cb1f1d91b64dde93956
                           .group:00000000 wm4.component_chipid.h.46.43a273f46f4c32081dfee459ad8862da
                           .group:00000000 wm4.component_crccu.h.46.3d5d84ebcceb8af0782dcb99da35d7d0
                           .group:00000000 wm4.component_dacc.h.46.9b850907590bd31997b006351cf81000
                           .group:00000000 wm4.component_efc.h.46.5a9ec99498daf6c49989fb6d077d312d
                           .group:00000000 wm4.component_gpbr.h.46.1788b80e501f9df943793fa21cfbbe21
                           .group:00000000 wm4.component_hsmci.h.46.2dc64c4ca9a764fbaa2fd4fd1541de68
                           .group:00000000 wm4.component_matrix.h.46.2f4d70bb97c9923e855a3d0c5f56d95e
                           .group:00000000 wm4.component_pdc.h.46.dfd3350dd71c534e17334339feb77f7c
                           .group:00000000 wm4.component_pio.h.46.dc6628e5aa2d62d441a2f9edf013a75a
                           .group:00000000 wm4.component_pmc.h.46.3a13206d3ecf2f1946cf88c02281a26b
                           .group:00000000 wm4.component_pwm.h.46.89366ac40583cd8cd91a5fed13cff02c
                           .group:00000000 wm4.component_rstc.h.46.ef0fbefe4bc03f652c9f4a03bfd1ef46
                           .group:00000000 wm4.component_rtc.h.46.cb1a84d0ff4d043a12d4d2139109e615
                           .group:00000000 wm4.component_rtt.h.46.e35d95fd2652721ab93a68f868a14334
                           .group:00000000 wm4.component_spi.h.46.fbe616cc22048ae3dbe0157a75a200d2
                           .group:00000000 wm4.component_ssc.h.46.bf814ca321f25fab9ac26489e1dec9f0
                           .group:00000000 wm4.component_supc.h.46.013b2a48420cc402d8153de678272576
                           .group:00000000 wm4.component_tc.h.46.8ee6425921e5bd880a2aabd4ecd71522
                           .group:00000000 wm4.component_twi.h.46.1b26436f50ce08e4cbf79a4fdffbcc40
                           .group:00000000 wm4.component_uart.h.46.2ec10b01d23d880667901e3e18729356
                           .group:00000000 wm4.component_udp.h.46.817a2ee6a2f80ac39e7bfbe0ff852001
                           .group:00000000 wm4.component_usart.h.46.e73badf8b79b1144a5e58ae3c7f99afd
                           .group:00000000 wm4.component_wdt.h.46.9058aedbbe8c7f88e4bce28490af6b23
                           .group:00000000 wm4.instance_hsmci.h.46.0921b488c345ac98ef3ba7ad69508825
                           .group:00000000 wm4.instance_ssc.h.46.eebd23f2ef145a585a82c5cef060c7ea
                           .group:00000000 wm4.instance_spi.h.46.26621c46b178e9ca6762bb17a24ec410
                           .group:00000000 wm4.instance_tc0.h.46.ead4b45558da2f42ca95730d1beaaa00
                           .group:00000000 wm4.instance_twi0.h.46.cb546cfb1d37706d80f563947a14da44
                           .group:00000000 wm4.instance_twi1.h.46.5f1af4ccf4d6b33c96c4e388359796ac
                           .group:00000000 wm4.instance_pwm.h.46.76f280edd0f8b1bfcce61f4d903d0259
                           .group:00000000 wm4.instance_usart0.h.46.3c469d2b920fd3e12092b7294ca82da9
                           .group:00000000 wm4.instance_usart1.h.46.398f0294bdd8277ea274c7a419e95901
                           .group:00000000 wm4.instance_udp.h.46.40973cfe8c89095098371468c1887576
                           .group:00000000 wm4.instance_adc.h.46.63258f34d0c27b11736611a7b2b2f27b
                           .group:00000000 wm4.instance_dacc.h.46.5ae4a5035dc78df5a5c17d9d1e76e633
                           .group:00000000 wm4.instance_acc.h.46.2e4a9cb4cb3a92c914800b95f627dc57
                           .group:00000000 wm4.instance_crccu.h.46.184237fe1c77c165bb334c02320f869e
                           .group:00000000 wm4.instance_matrix.h.46.d111ad2ca1e7198ed94a2e1213aa58a3
                           .group:00000000 wm4.instance_pmc.h.46.d5d037bdb46a612e424292373f68d9f8
                           .group:00000000 wm4.instance_uart0.h.46.dc252f382de697c23724fa503782af1d
                           .group:00000000 wm4.instance_chipid.h.46.8f77c51e2ab9edf7d26da8400aab7875
                           .group:00000000 wm4.instance_uart1.h.46.283c4a1cf98fcb8466ac9bceadb0b677
                           .group:00000000 wm4.instance_efc.h.46.9f291aa734b1cb8d75fd144e72f97e2b
                           .group:00000000 wm4.instance_pioa.h.46.cf0f81cda67dc3776fe52603ff60a82f
                           .group:00000000 wm4.instance_piob.h.46.fd1caa7213e73c46d15f69de6af123fb
                           .group:00000000 wm4.instance_rstc.h.46.cb75da875c2442dd75e5a8799bd32e87
                           .group:00000000 wm4.instance_supc.h.46.90f370dafc0bdfb8646ce68458e514e6
                           .group:00000000 wm4.instance_rtt.h.46.5758ae3574a477219b8abb8fe940acb4
                           .group:00000000 wm4.instance_wdt.h.46.b7fdc89b044099cb92c28a2f305b0c66
                           .group:00000000 wm4.instance_rtc.h.46.9d6ddf34c4ffdc6eec5effd1b6d4f045
                           .group:00000000 wm4.instance_gpbr.h.46.672198928bf79182f671b278dd185af8
                           .group:00000000 wm4.sam3s4b.h.317.e7cdc49d5fdc97b75252ee6763540354
                           .group:00000000 wm4.pio_sam3s4b.h.46.b91cb9b5c8fcc478a4299e5df5dba6ff
                           .group:00000000 wm4.sam3s4b.h.452.d371283092f6029dc967aa8f16a63977

UNDEFINED SYMBOLS
__libc_init_array
main
_srelocate
_etext
_erelocate
_szero
_ezero
_sfixed
_estack
NMI_Handler
HardFault_Handler
MemManage_Handler
BusFault_Handler
UsageFault_Handler
SVC_Handler
DebugMon_Handler
PendSV_Handler
SysTick_Handler
SUPC_Handler
RSTC_Handler
RTC_Handler
RTT_Handler
WDT_Handler
PMC_Handler
EFC_Handler
Dummy_Handler
UART0_Handler
UART1_Handler
PIOA_Handler
PIOB_Handler
USART0_Handler
USART1_Handler
HSMCI_Handler
TWI0_Handler
TWI1_Handler
SPI_Handler
SSC_Handler
TC0_Handler
TC1_Handler
TC2_Handler
ADC_Handler
DACC_Handler
PWM_Handler
CRCCU_Handler
ACC_Handler
UDP_Handler
